******************************************************************************
                  TI ARM Linker PC v20.2.5                     
******************************************************************************
>> Linked Tue Mar 22 16:23:18 2022

OUTPUT FILE NAME:   <Project1_Motors.out>
ENTRY POINT SYMBOL: "_c_int00_noargs"  address: 000013d1


MEMORY CONFIGURATION

         name            origin    length      used     unused   attr    fill
----------------------  --------  ---------  --------  --------  ----  --------
  MAIN                  00000000   00040000  000014b2  0003eb4e  R  X
  INFO                  00200000   00004000  00000000  00004000  R  X
  SRAM_CODE             01000000   00010000  00000231  0000fdcf  RW X
  SRAM_DATA             20000000   00010000  00000231  0000fdcf  RW  


SEGMENT ALLOCATION MAP

run origin  load origin   length   init length attrs members
----------  ----------- ---------- ----------- ----- -------
00000000    00000000    000014b8   000014b8    r-x
  00000000    00000000    000000e4   000000e4    r-- .intvecs
  000000e4    000000e4    00001396   00001396    r-x .text
  00001480    00001480    00000038   00000038    r-- .cinit
20000000    20000000    00000031   00000000    rw-
  20000000    20000000    00000028   00000000    rw- .data
  20000028    20000028    00000009   00000000    rw- .bss
2000fe00    2000fe00    00000200   00000000    rw-
  2000fe00    2000fe00    00000200   00000000    rw- .stack


SECTION ALLOCATION MAP

 output                                  attributes/
section   page    origin      length       input sections
--------  ----  ----------  ----------   ----------------
.intvecs   0    00000000    000000e4     
                  00000000    000000e4     startup_msp432p401r_ccs.obj (.intvecs:retain)

.text      0    000000e4    00001396     
                  000000e4    000006c8     TExaS.obj (.text)
                  000007ac    0000032c     system_msp432p401r.obj (.text)
                  00000ad8    000001f8     Motor.obj (.text)
                  00000cd0    000001f8     PWM.obj (.text)
                  00000ec8    000001e0     Clock.obj (.text)
                  000010a8    000000f8     LaunchPad.obj (.text)
                  000011a0    000000e8     Lab13_Timersmain.obj (.text)
                  00001288    0000009c     rtsv7M4_T_le_v4SPD16_eabi.lib : memcpy_t2.asm.obj (.text)
                  00001324    00000068                                   : copy_decompress_lzss.c.obj (.text:decompress:lzss:__TI_decompress_lzss)
                  0000138c    00000044                                   : autoinit.c.obj (.text:__TI_auto_init_nobinit_nopinit:__TI_auto_init_nobinit_nopinit)
                  000013d0    00000034                                   : boot_cortex_m.c.obj (.text:_c_int00_noargs:_c_int00_noargs)
                  00001404    00000024     CortexM.obj (.text)
                  00001428    0000001c     rtsv7M4_T_le_v4SPD16_eabi.lib : copy_zero_init.c.obj (.text:decompress:ZI:__TI_zero_init_nomemset:__TI_zero_init_nomemset)
                  00001444    00000012     TimerA1.obj (.text)
                  00001456    0000000e     rtsv7M4_T_le_v4SPD16_eabi.lib : copy_decompress_none.c.obj (.text:decompress:none:__TI_decompress_none)
                  00001464    0000000e     startup_msp432p401r_ccs.obj (.text)
                  00001472    00000004     rtsv7M4_T_le_v4SPD16_eabi.lib : pre_init.c.obj (.text:_system_pre_init)
                  00001476    00000004                                   : exit.c.obj (.text:abort:abort)

.cinit     0    00001480    00000038     
                  00001480    0000000d     (.cinit..data.load) [load image, compression = lzss]
                  0000148d    00000003     --HOLE-- [fill = 0]
                  00001490    0000000c     (__TI_handler_table)
                  0000149c    00000004     --HOLE-- [fill = 0]
                  000014a0    00000008     (.cinit..bss.load) [load image, compression = zero_init]
                  000014a8    00000010     (__TI_cinit_table)

.init_array 
*          0    00000000    00000000     UNINITIALIZED

.binit     0    00000000    00000000     

.data      0    20000000    00000028     UNINITIALIZED
                  20000000    00000018     Clock.obj (.data)
                  20000018    0000000c     TExaS.obj (.data)
                  20000024    00000004     system_msp432p401r.obj (.data)

.bss       0    20000028    00000009     UNINITIALIZED
                  20000028    00000004     (.common:PeriodicTask2)
                  2000002c    00000004     (.common:Time)
                  20000030    00000001     (.common:LogicData)

.stack     0    2000fe00    00000200     UNINITIALIZED
                  2000fe00    00000004     rtsv7M4_T_le_v4SPD16_eabi.lib : boot_cortex_m.c.obj (.stack)
                  2000fe04    000001fc     --HOLE--

__llvm_prf_cnts 
*          0    20000000    00000000     UNINITIALIZED

MODULE SUMMARY

       Module                        code   ro data   rw data
       ------                        ----   -------   -------
    .\
       TExaS.obj                     1736   0         34     
       system_msp432p401r.obj        812    0         8      
       Clock.obj                     480    0         48     
       Motor.obj                     504    0         0      
       PWM.obj                       504    0         0      
       LaunchPad.obj                 248    0         0      
       startup_msp432p401r_ccs.obj   14     228       0      
       Lab13_Timersmain.obj          232    0         8      
       CortexM.obj                   36     0         0      
       TimerA1.obj                   18     0         0      
    +--+-----------------------------+------+---------+---------+
       Total:                        4584   228       98     
                                                             
    C:\ti\ccs1110\ccs\tools\compiler\ti-cgt-arm_20.2.5.LTS\lib\rtsv7M4_T_le_v4SPD16_eabi.lib
       memcpy_t2.asm.obj             156    0         0      
       copy_decompress_lzss.c.obj    104    0         0      
       autoinit.c.obj                68     0         0      
       boot_cortex_m.c.obj           52     0         0      
       copy_zero_init.c.obj          28     0         0      
       copy_decompress_none.c.obj    14     0         0      
       exit.c.obj                    4      0         0      
       pre_init.c.obj                4      0         0      
    +--+-----------------------------+------+---------+---------+
       Total:                        430    0         0      
                                                             
       Stack:                        0      0         1024   
       Linker Generated:             0      49        0      
    +--+-----------------------------+------+---------+---------+
       Grand Total:                  5014   277       1122   


LINKER GENERATED COPY TABLES

__TI_cinit_table @ 000014a8 records: 2, size/record: 8, table size: 16
	.data: load addr=00001480, load size=0000000d bytes, run addr=20000000, run size=00000028 bytes, compression=lzss
	.bss: load addr=000014a0, load size=00000008 bytes, run addr=20000028, run size=00000009 bytes, compression=zero_init


LINKER GENERATED HANDLER TABLE

__TI_handler_table @ 00001490 records: 3, size/record: 4, table size: 12
	index: 0, handler: __TI_decompress_lzss
	index: 1, handler: __TI_decompress_none
	index: 2, handler: __TI_zero_init


GLOBAL SYMBOLS: SORTED ALPHABETICALLY BY Name 

address   name                                   
-------   ----                                   
00001471  ADC14_IRQHandler                       
000004f1  ADC_Init                               
00001471  AES256_IRQHandler                      
00001471  BusFault_Handler                       
00001477  C$$EXIT                                
00001471  COMP_E0_IRQHandler                     
00001471  COMP_E1_IRQHandler                     
20000008  CPMwait                                
00001471  CS_IRQHandler                          
20000000  ClockFrequency                         
0000101d  Clock_Delay1ms                         
00000ff3  Clock_Delay1us                         
00000fdf  Clock_GetFreq                          
00000ec9  Clock_Init48MHz                        
20000014  Crystalstable                          
00001471  DMA_ERR_IRQHandler                     
00001471  DMA_INT0_IRQHandler                    
00001471  DMA_INT1_IRQHandler                    
00001471  DMA_INT2_IRQHandler                    
00001471  DMA_INT3_IRQHandler                    
00001471  DebugMon_Handler                       
00001471  Default_Handler                        
00001405  DisableInterrupts                      
00001471  EUSCIA0_IRQHandler                     
00001471  EUSCIA1_IRQHandler                     
00001471  EUSCIA2_IRQHandler                     
00001471  EUSCIA3_IRQHandler                     
00001471  EUSCIB0_IRQHandler                     
00001471  EUSCIB1_IRQHandler                     
00001471  EUSCIB2_IRQHandler                     
00001471  EUSCIB3_IRQHandler                     
0000140b  EnableInterrupts                       
0000141b  EndCritical                            
00001471  FLCTL_IRQHandler                       
00001471  FPU_IRQHandler                         
00001471  HardFault_Handler                      
20000010  IFlags                                 
000010a9  LaunchPad_Init                         
00001119  LaunchPad_Input                        
00001137  LaunchPad_LED                          
00001155  LaunchPad_Output                       
000000e5  LogicAnalyzer                          
000000ef  LogicAnalyzer_P1                       
000001c5  LogicAnalyzer_P10                      
000000fd  LogicAnalyzer_P2                       
000001d3  LogicAnalyzer_P27_P26_P82_P92_P104_P105
0000010b  LogicAnalyzer_P2_7654                  
0000011b  LogicAnalyzer_P3                       
00000129  LogicAnalyzer_P4                       
00000147  LogicAnalyzer_P4_765320                
00000137  LogicAnalyzer_P4_765432                
0000017f  LogicAnalyzer_P5                       
0000020b  LogicAnalyzer_P55_P54_P27_P26_P37_P36  
0000018d  LogicAnalyzer_P6                       
0000019b  LogicAnalyzer_P7                       
000001a9  LogicAnalyzer_P8                       
000001b7  LogicAnalyzer_P9                       
20000030  LogicData                              
00001471  MemManage_Handler                      
00000be5  Motor_Backward                         
00000bb5  Motor_Forward                          
00000aff  Motor_Init                             
00000c15  Motor_Left                             
00000c4f  Motor_Right                            
00000b95  Motor_Stop                             
00001471  NMI_Handler                            
00001471  PCM_IRQHandler                         
00001471  PORT1_IRQHandler                       
00001471  PORT2_IRQHandler                       
00001471  PORT3_IRQHandler                       
00001471  PORT4_IRQHandler                       
00001471  PORT5_IRQHandler                       
00001471  PORT6_IRQHandler                       
00001471  PSS_IRQHandler                         
00000dbb  PWM_Duty1                              
00000ddb  PWM_Duty2                              
00000e67  PWM_Duty3                              
00000e7b  PWM_Duty4                              
00000cd1  PWM_Init1                              
00000d37  PWM_Init12                             
00000dfb  PWM_Init34                             
00001471  PendSV_Handler                         
20000028  PeriodicTask2                          
000002b9  PeriodicTask2_Init                     
00000333  PeriodicTask2_Stop                     
2000000c  Postwait                               
20000004  Prewait                                
000011c1  Program13_1                            
0000124b  Program13_2                            
00001471  RTC_C_IRQHandler                       
00001465  Reset_Handler                          
00001471  SVC_Handler                            
00000235  Scope                                  
00001411  StartCritical                          
00001471  SysTick_Handler                        
00000ad9  SysTick_Wait1us                        
20000024  SystemCoreClock                        
000007ad  SystemCoreClockUpdate                  
00000a21  SystemInit                             
00000323  T32_INT1_IRQHandler                    
00000323  T32_INT1_IRQHandler                    
00001471  T32_INT2_IRQHandler                    
00001471  T32_INTC_IRQHandler                    
00001471  TA0_0_IRQHandler                       
00001471  TA0_N_IRQHandler                       
00001455  TA1_0_IRQHandler                       
00001455  TA1_0_IRQHandler                       
00001471  TA1_N_IRQHandler                       
00001471  TA2_0_IRQHandler                       
00001471  TA2_N_IRQHandler                       
00001471  TA3_0_IRQHandler                       
00001471  TA3_N_IRQHandler                       
00000485  TExaS_Clear0                           
00000491  TExaS_Clear1                           
000004a5  TExaS_Clear2                           
000004b1  TExaS_Clear3                           
000004bd  TExaS_Clear4                           
000004bf  TExaS_Clear5                           
000004cb  TExaS_Clear6                           
000005b5  TExaS_Init                             
2000001c  TExaS_ScopeErrConflict                 
20000018  TExaS_ScopeErrLostData                 
20000020  TExaS_ScopeWrnReconfig                 
00000413  TExaS_Set                              
0000042b  TExaS_Set0                             
00000437  TExaS_Set1                             
00000443  TExaS_Set2                             
0000044f  TExaS_Set3                             
0000045b  TExaS_Set4                             
0000045d  TExaS_Set5                             
00000475  TExaS_Set6                             
00000741  TExaS_Stop                             
000003c9  TExaS_Task0                            
000003d5  TExaS_Task1                            
000003e1  TExaS_Task2                            
000003ed  TExaS_Task3                            
000003f9  TExaS_Task4                            
000003fb  TExaS_Task5                            
00000407  TExaS_Task6                            
00001221  Task                                   
2000002c  Time                                   
000011a1  TimedPause                             
00001445  TimerA1_Init                           
00001453  TimerA1_Stop                           
0000039d  UART_InChar                            
00000343  UART_Init                              
000003ad  UART_OutChar                           
00001471  UsageFault_Handler                     
4000480c  WDTCTL_SYM                             
00001471  WDT_A_IRQHandler                       
00001423  WaitForInterrupt                       
20010000  __STACK_END                            
00000200  __STACK_SIZE                           
000014a8  __TI_CINIT_Base                        
000014b8  __TI_CINIT_Limit                       
00001490  __TI_Handler_Table_Base                
0000149c  __TI_Handler_Table_Limit               
0000138d  __TI_auto_init_nobinit_nopinit         
00001325  __TI_decompress_lzss                   
00001457  __TI_decompress_none                   
ffffffff  __TI_pprof_out_hndl                    
ffffffff  __TI_prof_data_size                    
ffffffff  __TI_prof_data_start                   
00000000  __TI_static_base__                     
00001429  __TI_zero_init_nomemset                
00001289  __aeabi_memcpy                         
00001289  __aeabi_memcpy4                        
00001289  __aeabi_memcpy8                        
ffffffff  __binit__                              
ffffffff  __c_args__                             
UNDEFED   __mpu_init                             
2000fe00  __stack                                
20000000  __start___llvm_prf_cnts                
20000000  __stop___llvm_prf_cnts                 
000013d1  _c_int00_noargs                        
UNDEFED   _system_post_cinit                     
00001473  _system_pre_init                       
00001477  abort                                  
ffffffff  binit                                  
00000fe5  delay                                  
00000000  interruptVectors                       
0000126f  main                                   
00001289  memcpy                                 


GLOBAL SYMBOLS: SORTED BY Symbol Address 

address   name                                   
-------   ----                                   
00000000  __TI_static_base__                     
00000000  interruptVectors                       
000000e5  LogicAnalyzer                          
000000ef  LogicAnalyzer_P1                       
000000fd  LogicAnalyzer_P2                       
0000010b  LogicAnalyzer_P2_7654                  
0000011b  LogicAnalyzer_P3                       
00000129  LogicAnalyzer_P4                       
00000137  LogicAnalyzer_P4_765432                
00000147  LogicAnalyzer_P4_765320                
0000017f  LogicAnalyzer_P5                       
0000018d  LogicAnalyzer_P6                       
0000019b  LogicAnalyzer_P7                       
000001a9  LogicAnalyzer_P8                       
000001b7  LogicAnalyzer_P9                       
000001c5  LogicAnalyzer_P10                      
000001d3  LogicAnalyzer_P27_P26_P82_P92_P104_P105
00000200  __STACK_SIZE                           
0000020b  LogicAnalyzer_P55_P54_P27_P26_P37_P36  
00000235  Scope                                  
000002b9  PeriodicTask2_Init                     
00000323  T32_INT1_IRQHandler                    
00000323  T32_INT1_IRQHandler                    
00000333  PeriodicTask2_Stop                     
00000343  UART_Init                              
0000039d  UART_InChar                            
000003ad  UART_OutChar                           
000003c9  TExaS_Task0                            
000003d5  TExaS_Task1                            
000003e1  TExaS_Task2                            
000003ed  TExaS_Task3                            
000003f9  TExaS_Task4                            
000003fb  TExaS_Task5                            
00000407  TExaS_Task6                            
00000413  TExaS_Set                              
0000042b  TExaS_Set0                             
00000437  TExaS_Set1                             
00000443  TExaS_Set2                             
0000044f  TExaS_Set3                             
0000045b  TExaS_Set4                             
0000045d  TExaS_Set5                             
00000475  TExaS_Set6                             
00000485  TExaS_Clear0                           
00000491  TExaS_Clear1                           
000004a5  TExaS_Clear2                           
000004b1  TExaS_Clear3                           
000004bd  TExaS_Clear4                           
000004bf  TExaS_Clear5                           
000004cb  TExaS_Clear6                           
000004f1  ADC_Init                               
000005b5  TExaS_Init                             
00000741  TExaS_Stop                             
000007ad  SystemCoreClockUpdate                  
00000a21  SystemInit                             
00000ad9  SysTick_Wait1us                        
00000aff  Motor_Init                             
00000b95  Motor_Stop                             
00000bb5  Motor_Forward                          
00000be5  Motor_Backward                         
00000c15  Motor_Left                             
00000c4f  Motor_Right                            
00000cd1  PWM_Init1                              
00000d37  PWM_Init12                             
00000dbb  PWM_Duty1                              
00000ddb  PWM_Duty2                              
00000dfb  PWM_Init34                             
00000e67  PWM_Duty3                              
00000e7b  PWM_Duty4                              
00000ec9  Clock_Init48MHz                        
00000fdf  Clock_GetFreq                          
00000fe5  delay                                  
00000ff3  Clock_Delay1us                         
0000101d  Clock_Delay1ms                         
000010a9  LaunchPad_Init                         
00001119  LaunchPad_Input                        
00001137  LaunchPad_LED                          
00001155  LaunchPad_Output                       
000011a1  TimedPause                             
000011c1  Program13_1                            
00001221  Task                                   
0000124b  Program13_2                            
0000126f  main                                   
00001289  __aeabi_memcpy                         
00001289  __aeabi_memcpy4                        
00001289  __aeabi_memcpy8                        
00001289  memcpy                                 
00001325  __TI_decompress_lzss                   
0000138d  __TI_auto_init_nobinit_nopinit         
000013d1  _c_int00_noargs                        
00001405  DisableInterrupts                      
0000140b  EnableInterrupts                       
00001411  StartCritical                          
0000141b  EndCritical                            
00001423  WaitForInterrupt                       
00001429  __TI_zero_init_nomemset                
00001445  TimerA1_Init                           
00001453  TimerA1_Stop                           
00001455  TA1_0_IRQHandler                       
00001455  TA1_0_IRQHandler                       
00001457  __TI_decompress_none                   
00001465  Reset_Handler                          
00001471  ADC14_IRQHandler                       
00001471  AES256_IRQHandler                      
00001471  BusFault_Handler                       
00001471  COMP_E0_IRQHandler                     
00001471  COMP_E1_IRQHandler                     
00001471  CS_IRQHandler                          
00001471  DMA_ERR_IRQHandler                     
00001471  DMA_INT0_IRQHandler                    
00001471  DMA_INT1_IRQHandler                    
00001471  DMA_INT2_IRQHandler                    
00001471  DMA_INT3_IRQHandler                    
00001471  DebugMon_Handler                       
00001471  Default_Handler                        
00001471  EUSCIA0_IRQHandler                     
00001471  EUSCIA1_IRQHandler                     
00001471  EUSCIA2_IRQHandler                     
00001471  EUSCIA3_IRQHandler                     
00001471  EUSCIB0_IRQHandler                     
00001471  EUSCIB1_IRQHandler                     
00001471  EUSCIB2_IRQHandler                     
00001471  EUSCIB3_IRQHandler                     
00001471  FLCTL_IRQHandler                       
00001471  FPU_IRQHandler                         
00001471  HardFault_Handler                      
00001471  MemManage_Handler                      
00001471  NMI_Handler                            
00001471  PCM_IRQHandler                         
00001471  PORT1_IRQHandler                       
00001471  PORT2_IRQHandler                       
00001471  PORT3_IRQHandler                       
00001471  PORT4_IRQHandler                       
00001471  PORT5_IRQHandler                       
00001471  PORT6_IRQHandler                       
00001471  PSS_IRQHandler                         
00001471  PendSV_Handler                         
00001471  RTC_C_IRQHandler                       
00001471  SVC_Handler                            
00001471  SysTick_Handler                        
00001471  T32_INT2_IRQHandler                    
00001471  T32_INTC_IRQHandler                    
00001471  TA0_0_IRQHandler                       
00001471  TA0_N_IRQHandler                       
00001471  TA1_N_IRQHandler                       
00001471  TA2_0_IRQHandler                       
00001471  TA2_N_IRQHandler                       
00001471  TA3_0_IRQHandler                       
00001471  TA3_N_IRQHandler                       
00001471  UsageFault_Handler                     
00001471  WDT_A_IRQHandler                       
00001473  _system_pre_init                       
00001477  C$$EXIT                                
00001477  abort                                  
00001490  __TI_Handler_Table_Base                
0000149c  __TI_Handler_Table_Limit               
000014a8  __TI_CINIT_Base                        
000014b8  __TI_CINIT_Limit                       
20000000  ClockFrequency                         
20000000  __start___llvm_prf_cnts                
20000000  __stop___llvm_prf_cnts                 
20000004  Prewait                                
20000008  CPMwait                                
2000000c  Postwait                               
20000010  IFlags                                 
20000014  Crystalstable                          
20000018  TExaS_ScopeErrLostData                 
2000001c  TExaS_ScopeErrConflict                 
20000020  TExaS_ScopeWrnReconfig                 
20000024  SystemCoreClock                        
20000028  PeriodicTask2                          
2000002c  Time                                   
20000030  LogicData                              
2000fe00  __stack                                
20010000  __STACK_END                            
4000480c  WDTCTL_SYM                             
ffffffff  __TI_pprof_out_hndl                    
ffffffff  __TI_prof_data_size                    
ffffffff  __TI_prof_data_start                   
ffffffff  __binit__                              
ffffffff  __c_args__                             
ffffffff  binit                                  
UNDEFED   __mpu_init                             
UNDEFED   _system_post_cinit                     

[183 symbols]
