<?xml version="1.0" encoding="ISO-8859-1" ?>
<link_info>
   <banner>TI ARM Linker PC v20.2.2.LTS</banner>
   <copyright>Copyright (c) 1996-2018 Texas Instruments Incorporated</copyright>
   <link_time>0x60e89ad2</link_time>
   <link_errors>0x0</link_errors>
   <output_file>Lab21_OPT3101.out</output_file>
   <entry_point>
      <name>_c_int00_noargs</name>
      <address>0x1c9d9</address>
   </entry_point>
   <input_file_list>
      <input_file id="fl-2">
         <path>.\</path>
         <kind>object</kind>
         <file>Bump.obj</file>
         <name>Bump.obj</name>
      </input_file>
      <input_file id="fl-3">
         <path>.\</path>
         <kind>object</kind>
         <file>Clock.obj</file>
         <name>Clock.obj</name>
      </input_file>
      <input_file id="fl-4">
         <path>.\</path>
         <kind>object</kind>
         <file>CortexM.obj</file>
         <name>CortexM.obj</name>
      </input_file>
      <input_file id="fl-5">
         <path>.\</path>
         <kind>object</kind>
         <file>FFT.obj</file>
         <name>FFT.obj</name>
      </input_file>
      <input_file id="fl-6">
         <path>.\</path>
         <kind>object</kind>
         <file>I2CB1.obj</file>
         <name>I2CB1.obj</name>
      </input_file>
      <input_file id="fl-7">
         <path>.\</path>
         <kind>object</kind>
         <file>LPF.obj</file>
         <name>LPF.obj</name>
      </input_file>
      <input_file id="fl-8">
         <path>.\</path>
         <kind>object</kind>
         <file>Lab21_OPT3101_TestMain.obj</file>
         <name>Lab21_OPT3101_TestMain.obj</name>
      </input_file>
      <input_file id="fl-9">
         <path>.\</path>
         <kind>object</kind>
         <file>LaunchPad.obj</file>
         <name>LaunchPad.obj</name>
      </input_file>
      <input_file id="fl-a">
         <path>.\</path>
         <kind>object</kind>
         <file>Motor.obj</file>
         <name>Motor.obj</name>
      </input_file>
      <input_file id="fl-b">
         <path>.\</path>
         <kind>object</kind>
         <file>Nokia5110.obj</file>
         <name>Nokia5110.obj</name>
      </input_file>
      <input_file id="fl-c">
         <path>.\</path>
         <kind>object</kind>
         <file>PWM.obj</file>
         <name>PWM.obj</name>
      </input_file>
      <input_file id="fl-d">
         <path>.\</path>
         <kind>object</kind>
         <file>SSD1306.obj</file>
         <name>SSD1306.obj</name>
      </input_file>
      <input_file id="fl-e">
         <path>.\</path>
         <kind>object</kind>
         <file>UART0.obj</file>
         <name>UART0.obj</name>
      </input_file>
      <input_file id="fl-f">
         <path>.\</path>
         <kind>object</kind>
         <file>opt3101.obj</file>
         <name>opt3101.obj</name>
      </input_file>
      <input_file id="fl-10">
         <path>.\</path>
         <kind>object</kind>
         <file>startup_msp432p401r_ccs.obj</file>
         <name>startup_msp432p401r_ccs.obj</name>
      </input_file>
      <input_file id="fl-11">
         <path>.\</path>
         <kind>object</kind>
         <file>system_msp432p401r.obj</file>
         <name>system_msp432p401r.obj</name>
      </input_file>
      <input_file id="fl-15">
         <kind>object</kind>
         <file>&lt;internal&gt;</file>
         <name>&lt;internal&gt;</name>
      </input_file>
      <input_file id="fl-cb">
         <path>C:\ti\ccs1020\ccs\tools\compiler\ti-cgt-arm_20.2.2.LTS\lib\</path>
         <kind>archive</kind>
         <file>rtsv7M4_T_le_v4SPD16_eabi.lib</file>
         <name>e_sqrt.c.obj</name>
      </input_file>
      <input_file id="fl-cc">
         <path>C:\ti\ccs1020\ccs\tools\compiler\ti-cgt-arm_20.2.2.LTS\lib\</path>
         <kind>archive</kind>
         <file>rtsv7M4_T_le_v4SPD16_eabi.lib</file>
         <name>fopen.c.obj</name>
      </input_file>
      <input_file id="fl-cd">
         <path>C:\ti\ccs1020\ccs\tools\compiler\ti-cgt-arm_20.2.2.LTS\lib\</path>
         <kind>archive</kind>
         <file>rtsv7M4_T_le_v4SPD16_eabi.lib</file>
         <name>setvbuf.c.obj</name>
      </input_file>
      <input_file id="fl-ce">
         <path>C:\ti\ccs1020\ccs\tools\compiler\ti-cgt-arm_20.2.2.LTS\lib\</path>
         <kind>archive</kind>
         <file>rtsv7M4_T_le_v4SPD16_eabi.lib</file>
         <name>fd_add_t2.asm.obj</name>
      </input_file>
      <input_file id="fl-cf">
         <path>C:\ti\ccs1020\ccs\tools\compiler\ti-cgt-arm_20.2.2.LTS\lib\</path>
         <kind>archive</kind>
         <file>rtsv7M4_T_le_v4SPD16_eabi.lib</file>
         <name>fd_div_t2.asm.obj</name>
      </input_file>
      <input_file id="fl-d0">
         <path>C:\ti\ccs1020\ccs\tools\compiler\ti-cgt-arm_20.2.2.LTS\lib\</path>
         <kind>archive</kind>
         <file>rtsv7M4_T_le_v4SPD16_eabi.lib</file>
         <name>fd_mul_t2.asm.obj</name>
      </input_file>
      <input_file id="fl-d1">
         <path>C:\ti\ccs1020\ccs\tools\compiler\ti-cgt-arm_20.2.2.LTS\lib\</path>
         <kind>archive</kind>
         <file>rtsv7M4_T_le_v4SPD16_eabi.lib</file>
         <name>fd_toi_t2.asm.obj</name>
      </input_file>
      <input_file id="fl-d2">
         <path>C:\ti\ccs1020\ccs\tools\compiler\ti-cgt-arm_20.2.2.LTS\lib\</path>
         <kind>archive</kind>
         <file>rtsv7M4_T_le_v4SPD16_eabi.lib</file>
         <name>fd_tou_t2.asm.obj</name>
      </input_file>
      <input_file id="fl-d3">
         <path>C:\ti\ccs1020\ccs\tools\compiler\ti-cgt-arm_20.2.2.LTS\lib\</path>
         <kind>archive</kind>
         <file>rtsv7M4_T_le_v4SPD16_eabi.lib</file>
         <name>fs_tod_t2.asm.obj</name>
      </input_file>
      <input_file id="fl-d4">
         <path>C:\ti\ccs1020\ccs\tools\compiler\ti-cgt-arm_20.2.2.LTS\lib\</path>
         <kind>archive</kind>
         <file>rtsv7M4_T_le_v4SPD16_eabi.lib</file>
         <name>u_tofd_t2.asm.obj</name>
      </input_file>
      <input_file id="fl-d5">
         <path>C:\ti\ccs1020\ccs\tools\compiler\ti-cgt-arm_20.2.2.LTS\lib\</path>
         <kind>archive</kind>
         <file>rtsv7M4_T_le_v4SPD16_eabi.lib</file>
         <name>memset_t2.asm.obj</name>
      </input_file>
      <input_file id="fl-d6">
         <path>C:\ti\ccs1020\ccs\tools\compiler\ti-cgt-arm_20.2.2.LTS\lib\</path>
         <kind>archive</kind>
         <file>rtsv7M4_T_le_v4SPD16_eabi.lib</file>
         <name>copy_zero_init.c.obj</name>
      </input_file>
      <input_file id="fl-d7">
         <path>C:\ti\ccs1020\ccs\tools\compiler\ti-cgt-arm_20.2.2.LTS\lib\</path>
         <kind>archive</kind>
         <file>rtsv7M4_T_le_v4SPD16_eabi.lib</file>
         <name>copy_decompress_none.c.obj</name>
      </input_file>
      <input_file id="fl-d8">
         <path>C:\ti\ccs1020\ccs\tools\compiler\ti-cgt-arm_20.2.2.LTS\lib\</path>
         <kind>archive</kind>
         <file>rtsv7M4_T_le_v4SPD16_eabi.lib</file>
         <name>copy_decompress_lzss.c.obj</name>
      </input_file>
      <input_file id="fl-d9">
         <path>C:\ti\ccs1020\ccs\tools\compiler\ti-cgt-arm_20.2.2.LTS\lib\</path>
         <kind>archive</kind>
         <file>rtsv7M4_T_le_v4SPD16_eabi.lib</file>
         <name>exit.c.obj</name>
      </input_file>
      <input_file id="fl-da">
         <path>C:\ti\ccs1020\ccs\tools\compiler\ti-cgt-arm_20.2.2.LTS\lib\</path>
         <kind>archive</kind>
         <file>rtsv7M4_T_le_v4SPD16_eabi.lib</file>
         <name>_lock.c.obj</name>
      </input_file>
      <input_file id="fl-db">
         <path>C:\ti\ccs1020\ccs\tools\compiler\ti-cgt-arm_20.2.2.LTS\lib\</path>
         <kind>archive</kind>
         <file>rtsv7M4_T_le_v4SPD16_eabi.lib</file>
         <name>defs.c.obj</name>
      </input_file>
      <input_file id="fl-dc">
         <path>C:\ti\ccs1020\ccs\tools\compiler\ti-cgt-arm_20.2.2.LTS\lib\</path>
         <kind>archive</kind>
         <file>rtsv7M4_T_le_v4SPD16_eabi.lib</file>
         <name>memory.c.obj</name>
      </input_file>
      <input_file id="fl-dd">
         <path>C:\ti\ccs1020\ccs\tools\compiler\ti-cgt-arm_20.2.2.LTS\lib\</path>
         <kind>archive</kind>
         <file>rtsv7M4_T_le_v4SPD16_eabi.lib</file>
         <name>open.c.obj</name>
      </input_file>
      <input_file id="fl-de">
         <path>C:\ti\ccs1020\ccs\tools\compiler\ti-cgt-arm_20.2.2.LTS\lib\</path>
         <kind>archive</kind>
         <file>rtsv7M4_T_le_v4SPD16_eabi.lib</file>
         <name>add_device.c.obj</name>
      </input_file>
      <input_file id="fl-df">
         <path>C:\ti\ccs1020\ccs\tools\compiler\ti-cgt-arm_20.2.2.LTS\lib\</path>
         <kind>archive</kind>
         <file>rtsv7M4_T_le_v4SPD16_eabi.lib</file>
         <name>boot_cortex_m.c.obj</name>
      </input_file>
      <input_file id="fl-e0">
         <path>C:\ti\ccs1020\ccs\tools\compiler\ti-cgt-arm_20.2.2.LTS\lib\</path>
         <kind>archive</kind>
         <file>rtsv7M4_T_le_v4SPD16_eabi.lib</file>
         <name>errno.c.obj</name>
      </input_file>
      <input_file id="fl-e1">
         <path>C:\ti\ccs1020\ccs\tools\compiler\ti-cgt-arm_20.2.2.LTS\lib\</path>
         <kind>archive</kind>
         <file>rtsv7M4_T_le_v4SPD16_eabi.lib</file>
         <name>fclose.c.obj</name>
      </input_file>
      <input_file id="fl-e2">
         <path>C:\ti\ccs1020\ccs\tools\compiler\ti-cgt-arm_20.2.2.LTS\lib\</path>
         <kind>archive</kind>
         <file>rtsv7M4_T_le_v4SPD16_eabi.lib</file>
         <name>fflush.c.obj</name>
      </input_file>
      <input_file id="fl-e3">
         <path>C:\ti\ccs1020\ccs\tools\compiler\ti-cgt-arm_20.2.2.LTS\lib\</path>
         <kind>archive</kind>
         <file>rtsv7M4_T_le_v4SPD16_eabi.lib</file>
         <name>getdevice.c.obj</name>
      </input_file>
      <input_file id="fl-e4">
         <path>C:\ti\ccs1020\ccs\tools\compiler\ti-cgt-arm_20.2.2.LTS\lib\</path>
         <kind>archive</kind>
         <file>rtsv7M4_T_le_v4SPD16_eabi.lib</file>
         <name>memcpy_t2.asm.obj</name>
      </input_file>
      <input_file id="fl-e5">
         <path>C:\ti\ccs1020\ccs\tools\compiler\ti-cgt-arm_20.2.2.LTS\lib\</path>
         <kind>archive</kind>
         <file>rtsv7M4_T_le_v4SPD16_eabi.lib</file>
         <name>autoinit.c.obj</name>
      </input_file>
      <input_file id="fl-e6">
         <path>C:\ti\ccs1020\ccs\tools\compiler\ti-cgt-arm_20.2.2.LTS\lib\</path>
         <kind>archive</kind>
         <file>rtsv7M4_T_le_v4SPD16_eabi.lib</file>
         <name>pre_init.c.obj</name>
      </input_file>
      <input_file id="fl-e7">
         <path>C:\ti\ccs1020\ccs\tools\compiler\ti-cgt-arm_20.2.2.LTS\lib\</path>
         <kind>archive</kind>
         <file>rtsv7M4_T_le_v4SPD16_eabi.lib</file>
         <name>cpy_tbl.c.obj</name>
      </input_file>
      <input_file id="fl-e8">
         <path>C:\ti\ccs1020\ccs\tools\compiler\ti-cgt-arm_20.2.2.LTS\lib\</path>
         <kind>archive</kind>
         <file>rtsv7M4_T_le_v4SPD16_eabi.lib</file>
         <name>args_main.c.obj</name>
      </input_file>
      <input_file id="fl-e9">
         <path>C:\ti\ccs1020\ccs\tools\compiler\ti-cgt-arm_20.2.2.LTS\lib\</path>
         <kind>archive</kind>
         <file>rtsv7M4_T_le_v4SPD16_eabi.lib</file>
         <name>strchr.c.obj</name>
      </input_file>
      <input_file id="fl-ea">
         <path>C:\ti\ccs1020\ccs\tools\compiler\ti-cgt-arm_20.2.2.LTS\lib\</path>
         <kind>archive</kind>
         <file>rtsv7M4_T_le_v4SPD16_eabi.lib</file>
         <name>strcmp.c.obj</name>
      </input_file>
      <input_file id="fl-eb">
         <path>C:\ti\ccs1020\ccs\tools\compiler\ti-cgt-arm_20.2.2.LTS\lib\</path>
         <kind>archive</kind>
         <file>rtsv7M4_T_le_v4SPD16_eabi.lib</file>
         <name>strncpy.c.obj</name>
      </input_file>
      <input_file id="fl-ec">
         <path>C:\ti\ccs1020\ccs\tools\compiler\ti-cgt-arm_20.2.2.LTS\lib\</path>
         <kind>archive</kind>
         <file>rtsv7M4_T_le_v4SPD16_eabi.lib</file>
         <name>write.c.obj</name>
      </input_file>
      <input_file id="fl-ed">
         <path>C:\ti\ccs1020\ccs\tools\compiler\ti-cgt-arm_20.2.2.LTS\lib\</path>
         <kind>archive</kind>
         <file>rtsv7M4_T_le_v4SPD16_eabi.lib</file>
         <name>host_device.c.obj</name>
      </input_file>
      <input_file id="fl-ee">
         <path>C:\ti\ccs1020\ccs\tools\compiler\ti-cgt-arm_20.2.2.LTS\lib\</path>
         <kind>archive</kind>
         <file>rtsv7M4_T_le_v4SPD16_eabi.lib</file>
         <name>remove.c.obj</name>
      </input_file>
      <input_file id="fl-ef">
         <path>C:\ti\ccs1020\ccs\tools\compiler\ti-cgt-arm_20.2.2.LTS\lib\</path>
         <kind>archive</kind>
         <file>rtsv7M4_T_le_v4SPD16_eabi.lib</file>
         <name>close.c.obj</name>
      </input_file>
      <input_file id="fl-f0">
         <path>C:\ti\ccs1020\ccs\tools\compiler\ti-cgt-arm_20.2.2.LTS\lib\</path>
         <kind>archive</kind>
         <file>rtsv7M4_T_le_v4SPD16_eabi.lib</file>
         <name>unlink.c.obj</name>
      </input_file>
      <input_file id="fl-f1">
         <path>C:\ti\ccs1020\ccs\tools\compiler\ti-cgt-arm_20.2.2.LTS\lib\</path>
         <kind>archive</kind>
         <file>rtsv7M4_T_le_v4SPD16_eabi.lib</file>
         <name>hostclose.c.obj</name>
      </input_file>
      <input_file id="fl-f2">
         <path>C:\ti\ccs1020\ccs\tools\compiler\ti-cgt-arm_20.2.2.LTS\lib\</path>
         <kind>archive</kind>
         <file>rtsv7M4_T_le_v4SPD16_eabi.lib</file>
         <name>hostlseek.c.obj</name>
      </input_file>
      <input_file id="fl-f3">
         <path>C:\ti\ccs1020\ccs\tools\compiler\ti-cgt-arm_20.2.2.LTS\lib\</path>
         <kind>archive</kind>
         <file>rtsv7M4_T_le_v4SPD16_eabi.lib</file>
         <name>hostopen.c.obj</name>
      </input_file>
      <input_file id="fl-f4">
         <path>C:\ti\ccs1020\ccs\tools\compiler\ti-cgt-arm_20.2.2.LTS\lib\</path>
         <kind>archive</kind>
         <file>rtsv7M4_T_le_v4SPD16_eabi.lib</file>
         <name>hostread.c.obj</name>
      </input_file>
      <input_file id="fl-f5">
         <path>C:\ti\ccs1020\ccs\tools\compiler\ti-cgt-arm_20.2.2.LTS\lib\</path>
         <kind>archive</kind>
         <file>rtsv7M4_T_le_v4SPD16_eabi.lib</file>
         <name>hostrename.c.obj</name>
      </input_file>
      <input_file id="fl-f6">
         <path>C:\ti\ccs1020\ccs\tools\compiler\ti-cgt-arm_20.2.2.LTS\lib\</path>
         <kind>archive</kind>
         <file>rtsv7M4_T_le_v4SPD16_eabi.lib</file>
         <name>hostunlink.c.obj</name>
      </input_file>
      <input_file id="fl-f7">
         <path>C:\ti\ccs1020\ccs\tools\compiler\ti-cgt-arm_20.2.2.LTS\lib\</path>
         <kind>archive</kind>
         <file>rtsv7M4_T_le_v4SPD16_eabi.lib</file>
         <name>hostwrite.c.obj</name>
      </input_file>
      <input_file id="fl-f8">
         <path>C:\ti\ccs1020\ccs\tools\compiler\ti-cgt-arm_20.2.2.LTS\lib\</path>
         <kind>archive</kind>
         <file>rtsv7M4_T_le_v4SPD16_eabi.lib</file>
         <name>trgmsg.c.obj</name>
      </input_file>
      <input_file id="fl-f9">
         <path>C:\ti\ccs1020\ccs\tools\compiler\ti-cgt-arm_20.2.2.LTS\lib\</path>
         <kind>archive</kind>
         <file>rtsv7M4_T_le_v4SPD16_eabi.lib</file>
         <name>strcpy.c.obj</name>
      </input_file>
      <input_file id="fl-fa">
         <path>C:\ti\ccs1020\ccs\tools\compiler\ti-cgt-arm_20.2.2.LTS\lib\</path>
         <kind>archive</kind>
         <file>rtsv7M4_T_le_v4SPD16_eabi.lib</file>
         <name>strlen.c.obj</name>
      </input_file>
   </input_file_list>
   <object_component_list>
      <object_component id="oc-26">
         <name>.intvecs:retain</name>
         <load_address>0x0</load_address>
         <run_address>0x0</run_address>
         <size>0xe4</size>
         <input_file_ref idref="fl-10"/>
      </object_component>
      <object_component id="oc-ff">
         <name>.text</name>
         <load_address>0x16304</load_address>
         <run_address>0x16304</run_address>
         <size>0x1798</size>
         <input_file_ref idref="fl-d"/>
      </object_component>
      <object_component id="oc-a0">
         <name>.text</name>
         <load_address>0x17a9c</load_address>
         <run_address>0x17a9c</run_address>
         <size>0x16bc</size>
         <input_file_ref idref="fl-8"/>
      </object_component>
      <object_component id="oc-11a">
         <name>.text</name>
         <load_address>0x19158</load_address>
         <run_address>0x19158</run_address>
         <size>0x6e0</size>
         <input_file_ref idref="fl-e"/>
      </object_component>
      <object_component id="oc-10b">
         <name>.text</name>
         <load_address>0x19838</load_address>
         <run_address>0x19838</run_address>
         <size>0x5d0</size>
         <input_file_ref idref="fl-7"/>
      </object_component>
      <object_component id="oc-70">
         <name>.text</name>
         <load_address>0x19e08</load_address>
         <run_address>0x19e08</run_address>
         <size>0x51c</size>
         <input_file_ref idref="fl-f"/>
      </object_component>
      <object_component id="oc-264">
         <name>.text</name>
         <load_address>0x1a324</load_address>
         <run_address>0x1a324</run_address>
         <size>0x420</size>
         <input_file_ref idref="fl-c"/>
      </object_component>
      <object_component id="oc-154">
         <name>.text</name>
         <load_address>0x1a744</load_address>
         <run_address>0x1a744</run_address>
         <size>0x3dc</size>
         <input_file_ref idref="fl-5"/>
      </object_component>
      <object_component id="oc-b9">
         <name>.text</name>
         <load_address>0x1ab20</load_address>
         <run_address>0x1ab20</run_address>
         <size>0x3a4</size>
         <input_file_ref idref="fl-6"/>
      </object_component>
      <object_component id="oc-b2">
         <name>.text</name>
         <load_address>0x1aec4</load_address>
         <run_address>0x1aec4</run_address>
         <size>0x334</size>
         <input_file_ref idref="fl-11"/>
      </object_component>
      <object_component id="oc-bf">
         <name>.text</name>
         <load_address>0x1b1f8</load_address>
         <run_address>0x1b1f8</run_address>
         <size>0x1e0</size>
         <input_file_ref idref="fl-3"/>
      </object_component>
      <object_component id="oc-251">
         <name>.text</name>
         <load_address>0x1b3d8</load_address>
         <run_address>0x1b3d8</run_address>
         <size>0x1b6</size>
         <input_file_ref idref="fl-ce"/>
      </object_component>
      <object_component id="oc-32d">
         <name>.text:_nop</name>
         <load_address>0x1b58e</load_address>
         <run_address>0x1b58e</run_address>
         <size>0x2</size>
         <input_file_ref idref="fl-da"/>
      </object_component>
      <object_component id="oc-13c">
         <name>.text</name>
         <load_address>0x1b590</load_address>
         <run_address>0x1b590</run_address>
         <size>0x18c</size>
         <input_file_ref idref="fl-a"/>
      </object_component>
      <object_component id="oc-12b">
         <name>.text:sqrt</name>
         <load_address>0x1b71c</load_address>
         <run_address>0x1b71c</run_address>
         <size>0x158</size>
         <input_file_ref idref="fl-cb"/>
      </object_component>
      <object_component id="oc-164">
         <name>.text</name>
         <load_address>0x1b874</load_address>
         <run_address>0x1b874</run_address>
         <size>0x136</size>
         <input_file_ref idref="fl-cf"/>
      </object_component>
      <object_component id="oc-2e7">
         <name>.text:_openfile</name>
         <load_address>0x1b9ac</load_address>
         <run_address>0x1b9ac</run_address>
         <size>0x10c</size>
         <input_file_ref idref="fl-cc"/>
      </object_component>
      <object_component id="oc-3c3">
         <name>.text:aligned_alloc</name>
         <load_address>0x1bab8</load_address>
         <run_address>0x1bab8</run_address>
         <size>0x100</size>
         <input_file_ref idref="fl-dc"/>
      </object_component>
      <object_component id="oc-15f">
         <name>.text</name>
         <load_address>0x1bbb8</load_address>
         <run_address>0x1bbb8</run_address>
         <size>0xfc</size>
         <input_file_ref idref="fl-d0"/>
      </object_component>
      <object_component id="oc-120">
         <name>.text</name>
         <load_address>0x1bcb4</load_address>
         <run_address>0x1bcb4</run_address>
         <size>0xf8</size>
         <input_file_ref idref="fl-9"/>
      </object_component>
      <object_component id="oc-2fa">
         <name>.text:free</name>
         <load_address>0x1bdac</load_address>
         <run_address>0x1bdac</run_address>
         <size>0xe4</size>
         <input_file_ref idref="fl-dc"/>
      </object_component>
      <object_component id="oc-240">
         <name>.text:setvbuf</name>
         <load_address>0x1be90</load_address>
         <run_address>0x1be90</run_address>
         <size>0xdc</size>
         <input_file_ref idref="fl-cd"/>
      </object_component>
      <object_component id="oc-391">
         <name>.text:open</name>
         <load_address>0x1bf6c</load_address>
         <run_address>0x1bf6c</run_address>
         <size>0xbc</size>
         <input_file_ref idref="fl-dd"/>
      </object_component>
      <object_component id="oc-22e">
         <name>.text:add_device</name>
         <load_address>0x1c028</load_address>
         <run_address>0x1c028</run_address>
         <size>0xb8</size>
         <input_file_ref idref="fl-de"/>
      </object_component>
      <object_component id="oc-234">
         <name>.text:fopen</name>
         <load_address>0x1c0e0</load_address>
         <run_address>0x1c0e0</run_address>
         <size>0x9c</size>
         <input_file_ref idref="fl-cc"/>
      </object_component>
      <object_component id="oc-3a">
         <name>.text</name>
         <load_address>0x1c17c</load_address>
         <run_address>0x1c17c</run_address>
         <size>0x9c</size>
         <input_file_ref idref="fl-e4"/>
      </object_component>
      <object_component id="oc-94">
         <name>.text</name>
         <load_address>0x1c218</load_address>
         <run_address>0x1c218</run_address>
         <size>0x7a</size>
         <input_file_ref idref="fl-d5"/>
      </object_component>
      <object_component id="oc-147">
         <name>.text</name>
         <load_address>0x1c294</load_address>
         <run_address>0x1c294</run_address>
         <size>0x78</size>
         <input_file_ref idref="fl-2"/>
      </object_component>
      <object_component id="oc-2f3">
         <name>.text:__TI_closefile</name>
         <load_address>0x1c30c</load_address>
         <run_address>0x1c30c</run_address>
         <size>0x74</size>
         <input_file_ref idref="fl-e1"/>
      </object_component>
      <object_component id="oc-438">
         <name>.text:split</name>
         <load_address>0x1c380</load_address>
         <run_address>0x1c380</run_address>
         <size>0x70</size>
         <input_file_ref idref="fl-dc"/>
      </object_component>
      <object_component id="oc-37c">
         <name>.text:HOSTrename</name>
         <load_address>0x1c3f0</load_address>
         <run_address>0x1c3f0</run_address>
         <size>0x6c</size>
         <input_file_ref idref="fl-f5"/>
      </object_component>
      <object_component id="oc-370">
         <name>.text:HOSTlseek</name>
         <load_address>0x1c45c</load_address>
         <run_address>0x1c45c</run_address>
         <size>0x68</size>
         <input_file_ref idref="fl-f2"/>
      </object_component>
      <object_component id="oc-17">
         <name>.text:decompress:lzss:__TI_decompress_lzss</name>
         <load_address>0x1c4c4</load_address>
         <run_address>0x1c4c4</run_address>
         <size>0x68</size>
         <input_file_ref idref="fl-d8"/>
      </object_component>
      <object_component id="oc-358">
         <name>.text:HOSTopen</name>
         <load_address>0x1c52c</load_address>
         <run_address>0x1c52c</run_address>
         <size>0x60</size>
         <input_file_ref idref="fl-f3"/>
      </object_component>
      <object_component id="oc-3a7">
         <name>.text:close</name>
         <load_address>0x1c58c</load_address>
         <run_address>0x1c58c</run_address>
         <size>0x5c</size>
         <input_file_ref idref="fl-ef"/>
      </object_component>
      <object_component id="oc-364">
         <name>.text:HOSTread</name>
         <load_address>0x1c5e8</load_address>
         <run_address>0x1c5e8</run_address>
         <size>0x58</size>
         <input_file_ref idref="fl-f4"/>
      </object_component>
      <object_component id="oc-36a">
         <name>.text:HOSTwrite</name>
         <load_address>0x1c640</load_address>
         <run_address>0x1c640</run_address>
         <size>0x58</size>
         <input_file_ref idref="fl-f7"/>
      </object_component>
      <object_component id="oc-3a1">
         <name>.text:__TI_doflush</name>
         <load_address>0x1c698</load_address>
         <run_address>0x1c698</run_address>
         <size>0x4c</size>
         <input_file_ref idref="fl-e2"/>
      </object_component>
      <object_component id="oc-177">
         <name>.text:exit</name>
         <load_address>0x1c6e4</load_address>
         <run_address>0x1c6e4</run_address>
         <size>0x48</size>
         <input_file_ref idref="fl-d9"/>
      </object_component>
      <object_component id="oc-169">
         <name>.text</name>
         <load_address>0x1c72c</load_address>
         <run_address>0x1c72c</run_address>
         <size>0x48</size>
         <input_file_ref idref="fl-d1"/>
      </object_component>
      <object_component id="oc-35e">
         <name>.text:HOSTclose</name>
         <load_address>0x1c774</load_address>
         <run_address>0x1c774</run_address>
         <size>0x44</size>
         <input_file_ref idref="fl-f1"/>
      </object_component>
      <object_component id="oc-376">
         <name>.text:HOSTunlink</name>
         <load_address>0x1c7b8</load_address>
         <run_address>0x1c7b8</run_address>
         <size>0x44</size>
         <input_file_ref idref="fl-f6"/>
      </object_component>
      <object_component id="oc-17d">
         <name>.text:__TI_auto_init_nobinit_nopinit:__TI_auto_init_nobinit_nopinit</name>
         <load_address>0x1c7fc</load_address>
         <run_address>0x1c7fc</run_address>
         <size>0x44</size>
         <input_file_ref idref="fl-e5"/>
      </object_component>
      <object_component id="oc-419">
         <name>.text:getdevice</name>
         <load_address>0x1c840</load_address>
         <run_address>0x1c840</run_address>
         <size>0x44</size>
         <input_file_ref idref="fl-e3"/>
      </object_component>
      <object_component id="oc-131">
         <name>.text</name>
         <load_address>0x1c884</load_address>
         <run_address>0x1c884</run_address>
         <size>0x44</size>
         <input_file_ref idref="fl-d2"/>
      </object_component>
      <object_component id="oc-3f0">
         <name>.text:__TI_writemsg</name>
         <load_address>0x1c8c8</load_address>
         <run_address>0x1c8c8</run_address>
         <size>0x38</size>
         <input_file_ref idref="fl-f8"/>
      </object_component>
      <object_component id="oc-15a">
         <name>.text</name>
         <load_address>0x1c900</load_address>
         <run_address>0x1c900</run_address>
         <size>0x38</size>
         <input_file_ref idref="fl-d3"/>
      </object_component>
      <object_component id="oc-2db">
         <name>.text:strncpy</name>
         <load_address>0x1c938</load_address>
         <run_address>0x1c938</run_address>
         <size>0x36</size>
         <input_file_ref idref="fl-eb"/>
      </object_component>
      <object_component id="oc-306">
         <name>.text:__TI_cleanup</name>
         <load_address>0x1c970</load_address>
         <run_address>0x1c970</run_address>
         <size>0x34</size>
         <input_file_ref idref="fl-cc"/>
      </object_component>
      <object_component id="oc-3f6">
         <name>.text:__TI_readmsg</name>
         <load_address>0x1c9a4</load_address>
         <run_address>0x1c9a4</run_address>
         <size>0x34</size>
         <input_file_ref idref="fl-f8"/>
      </object_component>
      <object_component id="oc-58">
         <name>.text:_c_int00_noargs:_c_int00_noargs</name>
         <load_address>0x1c9d8</load_address>
         <run_address>0x1c9d8</run_address>
         <size>0x34</size>
         <input_file_ref idref="fl-df"/>
      </object_component>
      <object_component id="oc-23a">
         <name>.text:freopen</name>
         <load_address>0x1ca0c</load_address>
         <run_address>0x1ca0c</run_address>
         <size>0x34</size>
         <input_file_ref idref="fl-cc"/>
      </object_component>
      <object_component id="oc-2d5">
         <name>.text:finddevice</name>
         <load_address>0x1ca40</load_address>
         <run_address>0x1ca40</run_address>
         <size>0x30</size>
         <input_file_ref idref="fl-e3"/>
      </object_component>
      <object_component id="oc-3ad">
         <name>.text:unlink</name>
         <load_address>0x1ca70</load_address>
         <run_address>0x1ca70</run_address>
         <size>0x2c</size>
         <input_file_ref idref="fl-f0"/>
      </object_component>
      <object_component id="oc-3bc">
         <name>.text:free_list_insert</name>
         <load_address>0x1ca9c</load_address>
         <run_address>0x1ca9c</run_address>
         <size>0x28</size>
         <input_file_ref idref="fl-dc"/>
      </object_component>
      <object_component id="oc-425">
         <name>.text:write</name>
         <load_address>0x1cac4</load_address>
         <run_address>0x1cac4</run_address>
         <size>0x28</size>
         <input_file_ref idref="fl-ec"/>
      </object_component>
      <object_component id="oc-105">
         <name>.text</name>
         <load_address>0x1caec</load_address>
         <run_address>0x1caec</run_address>
         <size>0x24</size>
         <input_file_ref idref="fl-4"/>
      </object_component>
      <object_component id="oc-126">
         <name>.text</name>
         <load_address>0x1cb10</load_address>
         <run_address>0x1cb10</run_address>
         <size>0x20</size>
         <input_file_ref idref="fl-d4"/>
      </object_component>
      <object_component id="oc-3b6">
         <name>.text:free_list_remove</name>
         <load_address>0x1cb30</load_address>
         <run_address>0x1cb30</run_address>
         <size>0x1c</size>
         <input_file_ref idref="fl-dc"/>
      </object_component>
      <object_component id="oc-34e">
         <name>.text:strcmp</name>
         <load_address>0x1cb4c</load_address>
         <run_address>0x1cb4c</run_address>
         <size>0x18</size>
         <input_file_ref idref="fl-ea"/>
      </object_component>
      <object_component id="oc-459">
         <name>.text:strchr</name>
         <load_address>0x1cb64</load_address>
         <run_address>0x1cb64</run_address>
         <size>0x16</size>
         <input_file_ref idref="fl-e9"/>
      </object_component>
      <object_component id="oc-40a">
         <name>.text:strcpy</name>
         <load_address>0x1cb7a</load_address>
         <run_address>0x1cb7a</run_address>
         <size>0x14</size>
         <input_file_ref idref="fl-f9"/>
      </object_component>
      <object_component id="oc-3ea">
         <name>.text:strlen</name>
         <load_address>0x1cb8e</load_address>
         <run_address>0x1cb8e</run_address>
         <size>0x14</size>
         <input_file_ref idref="fl-fa"/>
      </object_component>
      <object_component id="oc-1d">
         <name>.text:decompress:none:__TI_decompress_none</name>
         <load_address>0x1cba2</load_address>
         <run_address>0x1cba2</run_address>
         <size>0xe</size>
         <input_file_ref idref="fl-d7"/>
      </object_component>
      <object_component id="oc-6a">
         <name>.text</name>
         <load_address>0x1cbb0</load_address>
         <run_address>0x1cbb0</run_address>
         <size>0xe</size>
         <input_file_ref idref="fl-10"/>
      </object_component>
      <object_component id="oc-4c">
         <name>.text:decompress:ZI:__TI_zero_init</name>
         <load_address>0x1cbbe</load_address>
         <run_address>0x1cbbe</run_address>
         <size>0xc</size>
         <input_file_ref idref="fl-d6"/>
      </object_component>
      <object_component id="oc-256">
         <name>.text:__aeabi_errno_addr</name>
         <load_address>0x1cbcc</load_address>
         <run_address>0x1cbcc</run_address>
         <size>0x8</size>
         <input_file_ref idref="fl-e0"/>
      </object_component>
      <object_component id="oc-300">
         <name>.text:malloc</name>
         <load_address>0x1cbd4</load_address>
         <run_address>0x1cbd4</run_address>
         <size>0x8</size>
         <input_file_ref idref="fl-dc"/>
      </object_component>
      <object_component id="oc-9a">
         <name>.text:_system_pre_init</name>
         <load_address>0x1cbdc</load_address>
         <run_address>0x1cbdc</run_address>
         <size>0x4</size>
         <input_file_ref idref="fl-e6"/>
      </object_component>
      <object_component id="oc-171">
         <name>.text:abort:abort</name>
         <load_address>0x1cbe0</load_address>
         <run_address>0x1cbe0</run_address>
         <size>0x4</size>
         <input_file_ref idref="fl-d9"/>
      </object_component>
      <object_component id="oc-26e">
         <name>.const:cosTab</name>
         <load_address>0xe4</load_address>
         <run_address>0xe4</run_address>
         <size>0xb000</size>
         <input_file_ref idref="fl-5"/>
      </object_component>
      <object_component id="oc-271">
         <name>.const:sinTab</name>
         <load_address>0xb0e4</load_address>
         <run_address>0xb0e4</run_address>
         <size>0xb000</size>
         <input_file_ref idref="fl-5"/>
      </object_component>
      <object_component id="oc-1e1">
         <name>.const:ASCII</name>
         <load_address>0x160e4</load_address>
         <run_address>0x160e4</run_address>
         <size>0x1e0</size>
         <input_file_ref idref="fl-d"/>
      </object_component>
      <object_component id="oc-1e7">
         <name>.const:.string:postmask</name>
         <load_address>0x162c4</load_address>
         <run_address>0x162c4</run_address>
         <size>0x8</size>
         <input_file_ref idref="fl-d"/>
      </object_component>
      <object_component id="oc-1e4">
         <name>.const:.string:premask</name>
         <load_address>0x162cc</load_address>
         <run_address>0x162cc</run_address>
         <size>0x8</size>
         <input_file_ref idref="fl-d"/>
      </object_component>
      <object_component id="oc-1dc">
         <name>.const:.string:init5</name>
         <load_address>0x162d4</load_address>
         <run_address>0x162d4</run_address>
         <size>0x6</size>
         <input_file_ref idref="fl-d"/>
      </object_component>
      <object_component id="oc-1ea">
         <name>.const:.string:dlist1</name>
         <load_address>0x162da</load_address>
         <run_address>0x162da</run_address>
         <size>0x5</size>
         <input_file_ref idref="fl-d"/>
      </object_component>
      <object_component id="oc-1d0">
         <name>.const:.string:init1</name>
         <load_address>0x162df</load_address>
         <run_address>0x162df</run_address>
         <size>0x4</size>
         <input_file_ref idref="fl-d"/>
      </object_component>
      <object_component id="oc-1d3">
         <name>.const:.string:init2</name>
         <load_address>0x162e3</load_address>
         <run_address>0x162e3</run_address>
         <size>0x4</size>
         <input_file_ref idref="fl-d"/>
      </object_component>
      <object_component id="oc-1d6">
         <name>.const:.string:init3</name>
         <load_address>0x162e7</load_address>
         <run_address>0x162e7</run_address>
         <size>0x4</size>
         <input_file_ref idref="fl-d"/>
      </object_component>
      <object_component id="oc-1d9">
         <name>.const:.string:init4b</name>
         <load_address>0x162eb</load_address>
         <run_address>0x162eb</run_address>
         <size>0x3</size>
         <input_file_ref idref="fl-d"/>
      </object_component>
      <object_component id="oc-1f0">
         <name>.const:.string:scrollList1b</name>
         <load_address>0x162ee</load_address>
         <run_address>0x162ee</run_address>
         <size>0x3</size>
         <input_file_ref idref="fl-d"/>
      </object_component>
      <object_component id="oc-1f6">
         <name>.const:.string:scrollList2b</name>
         <load_address>0x162f1</load_address>
         <run_address>0x162f1</run_address>
         <size>0x3</size>
         <input_file_ref idref="fl-d"/>
      </object_component>
      <object_component id="oc-1ed">
         <name>.const:.string:scrollList1a</name>
         <load_address>0x162f4</load_address>
         <run_address>0x162f4</run_address>
         <size>0x2</size>
         <input_file_ref idref="fl-d"/>
      </object_component>
      <object_component id="oc-1f3">
         <name>.const:.string:scrollList2a</name>
         <load_address>0x162f6</load_address>
         <run_address>0x162f6</run_address>
         <size>0x2</size>
         <input_file_ref idref="fl-d"/>
      </object_component>
      <object_component id="oc-1f9">
         <name>.const:.string:scrollList3a</name>
         <load_address>0x162f8</load_address>
         <run_address>0x162f8</run_address>
         <size>0x2</size>
         <input_file_ref idref="fl-d"/>
      </object_component>
      <object_component id="oc-1fc">
         <name>.const:.string:scrollList3b</name>
         <load_address>0x162fa</load_address>
         <run_address>0x162fa</run_address>
         <size>0x2</size>
         <input_file_ref idref="fl-d"/>
      </object_component>
      <object_component id="oc-1ff">
         <name>.const:.string:scrollList3c</name>
         <load_address>0x162fc</load_address>
         <run_address>0x162fc</run_address>
         <size>0x2</size>
         <input_file_ref idref="fl-d"/>
      </object_component>
      <object_component id="oc-202">
         <name>.const:.string:scrollList4a</name>
         <load_address>0x162fe</load_address>
         <run_address>0x162fe</run_address>
         <size>0x2</size>
         <input_file_ref idref="fl-d"/>
      </object_component>
      <object_component id="oc-205">
         <name>.const:.string:scrollList4b</name>
         <load_address>0x16300</load_address>
         <run_address>0x16300</run_address>
         <size>0x2</size>
         <input_file_ref idref="fl-d"/>
      </object_component>
      <object_component id="oc-208">
         <name>.const:.string:scrollList4c</name>
         <load_address>0x16302</load_address>
         <run_address>0x16302</run_address>
         <size>0x2</size>
         <input_file_ref idref="fl-d"/>
      </object_component>
      <object_component id="oc-4ae">
         <name>.cinit..data.load</name>
         <load_address>0x1cbe8</load_address>
         <run_address>0x1cbe8</run_address>
         <size>0x7c</size>
      </object_component>
      <object_component id="oc-4ac">
         <name>__TI_handler_table</name>
         <load_address>0x1cc64</load_address>
         <run_address>0x1cc64</run_address>
         <size>0xc</size>
      </object_component>
      <object_component id="oc-4af">
         <name>.cinit..bss.load</name>
         <load_address>0x1cc70</load_address>
         <run_address>0x1cc70</run_address>
         <size>0x8</size>
      </object_component>
      <object_component id="oc-4ad">
         <name>__TI_cinit_table</name>
         <load_address>0x1cc78</load_address>
         <run_address>0x1cc78</run_address>
         <size>0x10</size>
      </object_component>
      <object_component id="oc-480">
         <name>.binit</name>
         <load_address>0x0</load_address>
         <run_address>0x0</run_address>
         <size>0x0</size>
      </object_component>
      <object_component id="oc-1b5">
         <name>.data</name>
         <load_address>0x20006460</load_address>
         <run_address>0x20006460</run_address>
         <size>0x18</size>
         <input_file_ref idref="fl-3"/>
      </object_component>
      <object_component id="oc-143">
         <name>.data</name>
         <load_address>0x20006478</load_address>
         <run_address>0x20006478</run_address>
         <size>0x10</size>
         <input_file_ref idref="fl-8"/>
      </object_component>
      <object_component id="oc-20b">
         <name>.data</name>
         <load_address>0x200064b4</load_address>
         <run_address>0x200064b4</run_address>
         <size>0x4</size>
         <input_file_ref idref="fl-d"/>
      </object_component>
      <object_component id="oc-1af">
         <name>.data</name>
         <load_address>0x200064c8</load_address>
         <run_address>0x200064c8</run_address>
         <size>0x4</size>
         <input_file_ref idref="fl-11"/>
      </object_component>
      <object_component id="oc-2ed">
         <name>.data</name>
         <load_address>0x200064c0</load_address>
         <run_address>0x200064c0</run_address>
         <size>0x4</size>
         <input_file_ref idref="fl-cc"/>
      </object_component>
      <object_component id="oc-27b">
         <name>.data:$O1$$</name>
         <load_address>0x20006498</load_address>
         <run_address>0x20006498</run_address>
         <size>0xc</size>
         <input_file_ref idref="fl-d9"/>
      </object_component>
      <object_component id="oc-27e">
         <name>.data:$O1$$</name>
         <load_address>0x200064a4</load_address>
         <run_address>0x200064a4</run_address>
         <size>0x8</size>
         <input_file_ref idref="fl-da"/>
      </object_component>
      <object_component id="oc-246">
         <name>.data:_ftable</name>
         <load_address>0x200062a8</load_address>
         <run_address>0x200062a8</run_address>
         <size>0xf0</size>
         <input_file_ref idref="fl-db"/>
      </object_component>
      <object_component id="oc-2ee">
         <name>.data</name>
         <load_address>0x20006488</load_address>
         <run_address>0x20006488</run_address>
         <size>0x10</size>
         <input_file_ref idref="fl-db"/>
      </object_component>
      <object_component id="oc-433">
         <name>.data:$O1$$</name>
         <load_address>0x200064ac</load_address>
         <run_address>0x200064ac</run_address>
         <size>0x8</size>
         <input_file_ref idref="fl-dc"/>
      </object_component>
      <object_component id="oc-41f">
         <name>.data</name>
         <load_address>0x200064c4</load_address>
         <run_address>0x200064c4</run_address>
         <size>0x4</size>
         <input_file_ref idref="fl-dd"/>
      </object_component>
      <object_component id="oc-2e1">
         <name>.data</name>
         <load_address>0x200064b8</load_address>
         <run_address>0x200064b8</run_address>
         <size>0x4</size>
         <input_file_ref idref="fl-de"/>
      </object_component>
      <object_component id="oc-318">
         <name>.data</name>
         <load_address>0x200064bc</load_address>
         <run_address>0x200064bc</run_address>
         <size>0x4</size>
         <input_file_ref idref="fl-e0"/>
      </object_component>
      <object_component id="oc-2e2">
         <name>.data:_device</name>
         <load_address>0x20006398</load_address>
         <run_address>0x20006398</run_address>
         <size>0x78</size>
         <input_file_ref idref="fl-ed"/>
      </object_component>
      <object_component id="oc-420">
         <name>.data:_stream</name>
         <load_address>0x20006410</load_address>
         <run_address>0x20006410</run_address>
         <size>0x50</size>
         <input_file_ref idref="fl-ed"/>
      </object_component>
      <object_component id="oc-c5">
         <name>.bss</name>
         <uninitialized>true</uninitialized>
         <run_address>0x20005dfc</run_address>
         <size>0x8</size>
         <input_file_ref idref="fl-f"/>
      </object_component>
      <object_component id="oc-443">
         <name>.bss:_CIOBUF_</name>
         <uninitialized>true</uninitialized>
         <run_address>0x20005c00</run_address>
         <size>0x120</size>
         <input_file_ref idref="fl-f8"/>
      </object_component>
      <object_component id="oc-216">
         <name>.common:Size</name>
         <uninitialized>true</uninitialized>
         <run_address>0x20005e6c</run_address>
         <size>0x4</size>
      </object_component>
      <object_component id="oc-215">
         <name>.common:x</name>
         <uninitialized>true</uninitialized>
         <run_address>0x20001000</run_address>
         <size>0x1000</size>
      </object_component>
      <object_component id="oc-212">
         <name>.common:Pt</name>
         <uninitialized>true</uninitialized>
         <run_address>0x20005e58</run_address>
         <size>0x4</size>
      </object_component>
      <object_component id="oc-218">
         <name>.common:I1</name>
         <uninitialized>true</uninitialized>
         <run_address>0x20005e20</run_address>
         <size>0x4</size>
      </object_component>
      <object_component id="oc-217">
         <name>.common:LPFSum</name>
         <uninitialized>true</uninitialized>
         <run_address>0x20005e30</run_address>
         <size>0x4</size>
      </object_component>
      <object_component id="oc-21a">
         <name>.common:x2</name>
         <uninitialized>true</uninitialized>
         <run_address>0x20002000</run_address>
         <size>0x1000</size>
      </object_component>
      <object_component id="oc-219">
         <name>.common:Pt2</name>
         <uninitialized>true</uninitialized>
         <run_address>0x20005e5c</run_address>
         <size>0x4</size>
      </object_component>
      <object_component id="oc-21b">
         <name>.common:LPFSum2</name>
         <uninitialized>true</uninitialized>
         <run_address>0x20005e34</run_address>
         <size>0x4</size>
      </object_component>
      <object_component id="oc-21d">
         <name>.common:x3</name>
         <uninitialized>true</uninitialized>
         <run_address>0x20003000</run_address>
         <size>0x1000</size>
      </object_component>
      <object_component id="oc-21c">
         <name>.common:Pt3</name>
         <uninitialized>true</uninitialized>
         <run_address>0x20005e60</run_address>
         <size>0x4</size>
      </object_component>
      <object_component id="oc-21e">
         <name>.common:LPFSum3</name>
         <uninitialized>true</uninitialized>
         <run_address>0x20005e38</run_address>
         <size>0x4</size>
      </object_component>
      <object_component id="oc-221">
         <name>.common:u1</name>
         <uninitialized>true</uninitialized>
         <run_address>0x20005e94</run_address>
         <size>0x4</size>
      </object_component>
      <object_component id="oc-220">
         <name>.common:u2</name>
         <uninitialized>true</uninitialized>
         <run_address>0x20005e98</run_address>
         <size>0x4</size>
      </object_component>
      <object_component id="oc-21f">
         <name>.common:u3</name>
         <uninitialized>true</uninitialized>
         <run_address>0x20005e9c</run_address>
         <size>0x4</size>
      </object_component>
      <object_component id="oc-114">
         <name>.common:Distances</name>
         <uninitialized>true</uninitialized>
         <run_address>0x20005dd8</run_address>
         <size>0xc</size>
      </object_component>
      <object_component id="oc-118">
         <name>.common:FilteredDistances</name>
         <uninitialized>true</uninitialized>
         <run_address>0x20005de4</run_address>
         <size>0xc</size>
      </object_component>
      <object_component id="oc-115">
         <name>.common:Amplitudes</name>
         <uninitialized>true</uninitialized>
         <run_address>0x20005dc0</run_address>
         <size>0xc</size>
      </object_component>
      <object_component id="oc-119">
         <name>.common:Noises</name>
         <uninitialized>true</uninitialized>
         <run_address>0x20005df0</run_address>
         <size>0xc</size>
      </object_component>
      <object_component id="oc-111">
         <name>.common:TxChannel</name>
         <uninitialized>true</uninitialized>
         <run_address>0x20005e80</run_address>
         <size>0x4</size>
      </object_component>
      <object_component id="oc-116">
         <name>.common:StartTime</name>
         <uninitialized>true</uninitialized>
         <run_address>0x20005e70</run_address>
         <size>0x4</size>
      </object_component>
      <object_component id="oc-117">
         <name>.common:TimeToConvert</name>
         <uninitialized>true</uninitialized>
         <run_address>0x20005e7c</run_address>
         <size>0x4</size>
      </object_component>
      <object_component id="oc-138">
         <name>.common:Data</name>
         <uninitialized>true</uninitialized>
         <run_address>0x20000000</run_address>
         <size>0x1000</size>
      </object_component>
      <object_component id="oc-142">
         <name>.common:Histogram</name>
         <uninitialized>true</uninitialized>
         <run_address>0x20004000</run_address>
         <size>0x800</size>
      </object_component>
      <object_component id="oc-136">
         <name>.common:Sum</name>
         <uninitialized>true</uninitialized>
         <run_address>0x20005e74</run_address>
         <size>0x4</size>
      </object_component>
      <object_component id="oc-137">
         <name>.common:Sum2</name>
         <uninitialized>true</uninitialized>
         <run_address>0x20005e78</run_address>
         <size>0x4</size>
      </object_component>
      <object_component id="oc-139">
         <name>.common:Average</name>
         <uninitialized>true</uninitialized>
         <run_address>0x20005e14</run_address>
         <size>0x4</size>
      </object_component>
      <object_component id="oc-13a">
         <name>.common:Variance</name>
         <uninitialized>true</uninitialized>
         <run_address>0x20005e8c</run_address>
         <size>0x4</size>
      </object_component>
      <object_component id="oc-13b">
         <name>.common:Sigma</name>
         <uninitialized>true</uninitialized>
         <run_address>0x20005e68</run_address>
         <size>0x4</size>
      </object_component>
      <object_component id="oc-14e">
         <name>.common:Error</name>
         <uninitialized>true</uninitialized>
         <run_address>0x20005e1c</run_address>
         <size>0x4</size>
      </object_component>
      <object_component id="oc-14f">
         <name>.common:UR</name>
         <uninitialized>true</uninitialized>
         <run_address>0x20005e88</run_address>
         <size>0x4</size>
      </object_component>
      <object_component id="oc-150">
         <name>.common:UL</name>
         <uninitialized>true</uninitialized>
         <run_address>0x20005e84</run_address>
         <size>0x4</size>
      </object_component>
      <object_component id="oc-146">
         <name>.common:LeftDistance</name>
         <uninitialized>true</uninitialized>
         <run_address>0x20005e3c</run_address>
         <size>0x4</size>
      </object_component>
      <object_component id="oc-151">
         <name>.common:CenterDistance</name>
         <uninitialized>true</uninitialized>
         <run_address>0x20005e18</run_address>
         <size>0x4</size>
      </object_component>
      <object_component id="oc-14d">
         <name>.common:RightDistance</name>
         <uninitialized>true</uninitialized>
         <run_address>0x20005e64</run_address>
         <size>0x4</size>
      </object_component>
      <object_component id="oc-16e">
         <name>.common:a</name>
         <uninitialized>true</uninitialized>
         <run_address>0x20004800</run_address>
         <size>0x800</size>
      </object_component>
      <object_component id="oc-16f">
         <name>.common:scratch</name>
         <uninitialized>true</uninitialized>
         <run_address>0x20005000</run_address>
         <size>0x800</size>
      </object_component>
      <object_component id="oc-152">
         <name>.common:PlotOffset</name>
         <uninitialized>true</uninitialized>
         <run_address>0x20005e54</run_address>
         <size>0x4</size>
      </object_component>
      <object_component id="oc-153">
         <name>.common:PlotData</name>
         <uninitialized>true</uninitialized>
         <run_address>0x20005e50</run_address>
         <size>0x4</size>
      </object_component>
      <object_component id="oc-1e0">
         <name>.common:buffer</name>
         <uninitialized>true</uninitialized>
         <run_address>0x20005800</run_address>
         <size>0x400</size>
      </object_component>
      <object_component id="oc-1cd">
         <name>.common:vccstate</name>
         <uninitialized>true</uninitialized>
         <run_address>0x20005ea0</run_address>
         <size>0x4</size>
      </object_component>
      <object_component id="oc-1df">
         <name>.common:rotation</name>
         <uninitialized>true</uninitialized>
         <run_address>0x20005e90</run_address>
         <size>0x4</size>
      </object_component>
      <object_component id="oc-20e">
         <name>.common:StartX</name>
         <uninitialized>true</uninitialized>
         <run_address>0x20005ea4</run_address>
         <size>0x2</size>
      </object_component>
      <object_component id="oc-20f">
         <name>.common:StartY</name>
         <uninitialized>true</uninitialized>
         <run_address>0x20005ea6</run_address>
         <size>0x2</size>
      </object_component>
      <object_component id="oc-22d">
         <name>.common:Messageindexb</name>
         <uninitialized>true</uninitialized>
         <run_address>0x20005e40</run_address>
         <size>0x4</size>
      </object_component>
      <object_component id="oc-22a">
         <name>.common:Messageb</name>
         <uninitialized>true</uninitialized>
         <run_address>0x20005e04</run_address>
         <size>0x8</size>
      </object_component>
      <object_component id="oc-c8">
         <name>.common:ChannelCount</name>
         <uninitialized>true</uninitialized>
         <run_address>0x20005dcc</run_address>
         <size>0xc</size>
      </object_component>
      <object_component id="oc-cb">
         <name>.common:PTxChan</name>
         <uninitialized>true</uninitialized>
         <run_address>0x20005e44</run_address>
         <size>0x4</size>
      </object_component>
      <object_component id="oc-cc">
         <name>.common:Pdistances</name>
         <uninitialized>true</uninitialized>
         <run_address>0x20005e4c</run_address>
         <size>0x4</size>
      </object_component>
      <object_component id="oc-cd">
         <name>.common:Pamplitudes</name>
         <uninitialized>true</uninitialized>
         <run_address>0x20005e48</run_address>
         <size>0x4</size>
      </object_component>
      <object_component id="oc-ce">
         <name>.common:ISRTime</name>
         <uninitialized>true</uninitialized>
         <run_address>0x20005e2c</run_address>
         <size>0x4</size>
      </object_component>
      <object_component id="oc-d0">
         <name>.common:ISRLast</name>
         <uninitialized>true</uninitialized>
         <run_address>0x20005e24</run_address>
         <size>0x4</size>
      </object_component>
      <object_component id="oc-cf">
         <name>.common:ISRPeriod</name>
         <uninitialized>true</uninitialized>
         <run_address>0x20005e28</run_address>
         <size>0x4</size>
      </object_component>
      <object_component id="oc-3b3">
         <name>.common:__TI_tmpnams</name>
         <uninitialized>true</uninitialized>
         <run_address>0x20005d20</run_address>
         <size>0xa0</size>
      </object_component>
      <object_component id="oc-3fc">
         <name>.common:parmbuf</name>
         <uninitialized>true</uninitialized>
         <run_address>0x20005e0c</run_address>
         <size>0x8</size>
      </object_component>
      <object_component id="oc-29">
         <name>.sysmem</name>
         <uninitialized>true</uninitialized>
         <run_address>0x20005ea8</run_address>
         <size>0x10</size>
         <input_file_ref idref="fl-dc"/>
      </object_component>
      <object_component id="oc-4b2">
         <name>.sysmem</name>
         <uninitialized>true</uninitialized>
         <run_address>0x20005ea8</run_address>
         <size>0x0</size>
      </object_component>
      <object_component id="oc-2c">
         <name>.stack</name>
         <uninitialized>true</uninitialized>
         <run_address>0x2000fe00</run_address>
         <size>0x4</size>
         <input_file_ref idref="fl-df"/>
      </object_component>
      <object_component id="oc-4b1">
         <name>.stack</name>
         <uninitialized>true</uninitialized>
         <run_address>0x2000fe00</run_address>
         <size>0x0</size>
      </object_component>
      <object_component id="oc-1cc">
         <name>.debug_info</name>
         <load_address>0x0</load_address>
         <run_address>0x0</run_address>
         <size>0x53d</size>
         <input_file_ref idref="fl-2"/>
      </object_component>
      <object_component id="oc-148">
         <name>.debug_info</name>
         <load_address>0x53d</load_address>
         <run_address>0x53d</run_address>
         <size>0x1d1</size>
         <input_file_ref idref="fl-2"/>
      </object_component>
      <object_component id="oc-1bd">
         <name>.debug_info</name>
         <load_address>0x70e</load_address>
         <run_address>0x70e</run_address>
         <size>0x37e2</size>
         <input_file_ref idref="fl-2"/>
      </object_component>
      <object_component id="oc-de">
         <name>.debug_info</name>
         <load_address>0x3ef0</load_address>
         <run_address>0x3ef0</run_address>
         <size>0x26b</size>
         <input_file_ref idref="fl-2"/>
      </object_component>
      <object_component id="oc-1c2">
         <name>.debug_info</name>
         <load_address>0x415b</load_address>
         <run_address>0x415b</run_address>
         <size>0x1055</size>
         <input_file_ref idref="fl-2"/>
      </object_component>
      <object_component id="oc-35">
         <name>.debug_info</name>
         <load_address>0x51b0</load_address>
         <run_address>0x51b0</run_address>
         <size>0x84</size>
         <input_file_ref idref="fl-2"/>
      </object_component>
      <object_component id="oc-1c7">
         <name>.debug_info</name>
         <load_address>0x5234</load_address>
         <run_address>0x5234</run_address>
         <size>0x2a4</size>
         <input_file_ref idref="fl-2"/>
      </object_component>
      <object_component id="oc-d2">
         <name>.debug_info</name>
         <load_address>0x54d8</load_address>
         <run_address>0x54d8</run_address>
         <size>0xbb</size>
         <input_file_ref idref="fl-2"/>
      </object_component>
      <object_component id="oc-1b6">
         <name>.debug_info</name>
         <load_address>0x5593</load_address>
         <run_address>0x5593</run_address>
         <size>0x19a</size>
         <input_file_ref idref="fl-3"/>
      </object_component>
      <object_component id="oc-c0">
         <name>.debug_info</name>
         <load_address>0x572d</load_address>
         <run_address>0x572d</run_address>
         <size>0x3c2</size>
         <input_file_ref idref="fl-3"/>
      </object_component>
      <object_component id="oc-107">
         <name>.debug_info</name>
         <load_address>0x5aef</load_address>
         <run_address>0x5aef</run_address>
         <size>0x383</size>
         <input_file_ref idref="fl-4"/>
      </object_component>
      <object_component id="oc-275">
         <name>.debug_info</name>
         <load_address>0x5e72</load_address>
         <run_address>0x5e72</run_address>
         <size>0x2c9</size>
         <input_file_ref idref="fl-5"/>
      </object_component>
      <object_component id="oc-26f">
         <name>.debug_info</name>
         <load_address>0x613b</load_address>
         <run_address>0x613b</run_address>
         <size>0xe1</size>
         <input_file_ref idref="fl-5"/>
      </object_component>
      <object_component id="oc-272">
         <name>.debug_info</name>
         <load_address>0x621c</load_address>
         <run_address>0x621c</run_address>
         <size>0xe2</size>
         <input_file_ref idref="fl-5"/>
      </object_component>
      <object_component id="oc-156">
         <name>.debug_info</name>
         <load_address>0x62fe</load_address>
         <run_address>0x62fe</run_address>
         <size>0x372</size>
         <input_file_ref idref="fl-5"/>
      </object_component>
      <object_component id="oc-225">
         <name>.debug_info</name>
         <load_address>0x6670</load_address>
         <run_address>0x6670</run_address>
         <size>0x62</size>
         <input_file_ref idref="fl-5"/>
      </object_component>
      <object_component id="oc-1b4">
         <name>.debug_info</name>
         <load_address>0x66d2</load_address>
         <run_address>0x66d2</run_address>
         <size>0x544</size>
         <input_file_ref idref="fl-6"/>
      </object_component>
      <object_component id="oc-ba">
         <name>.debug_info</name>
         <load_address>0x6c16</load_address>
         <run_address>0x6c16</run_address>
         <size>0x86f</size>
         <input_file_ref idref="fl-6"/>
      </object_component>
      <object_component id="oc-213">
         <name>.debug_info</name>
         <load_address>0x7485</load_address>
         <run_address>0x7485</run_address>
         <size>0x69a</size>
         <input_file_ref idref="fl-7"/>
      </object_component>
      <object_component id="oc-10d">
         <name>.debug_info</name>
         <load_address>0x7b1f</load_address>
         <run_address>0x7b1f</run_address>
         <size>0xaef</size>
         <input_file_ref idref="fl-7"/>
      </object_component>
      <object_component id="oc-112">
         <name>.debug_info</name>
         <load_address>0x860e</load_address>
         <run_address>0x860e</run_address>
         <size>0x1104</size>
         <input_file_ref idref="fl-8"/>
      </object_component>
      <object_component id="oc-144">
         <name>.debug_info</name>
         <load_address>0x9712</load_address>
         <run_address>0x9712</run_address>
         <size>0x125</size>
         <input_file_ref idref="fl-8"/>
      </object_component>
      <object_component id="oc-a3">
         <name>.debug_info</name>
         <load_address>0x9837</load_address>
         <run_address>0x9837</run_address>
         <size>0x26f3</size>
         <input_file_ref idref="fl-8"/>
      </object_component>
      <object_component id="oc-d7">
         <name>.debug_info</name>
         <load_address>0xbf2a</load_address>
         <run_address>0xbf2a</run_address>
         <size>0x8b</size>
         <input_file_ref idref="fl-8"/>
      </object_component>
      <object_component id="oc-121">
         <name>.debug_info</name>
         <load_address>0xbfb5</load_address>
         <run_address>0xbfb5</run_address>
         <size>0x354</size>
         <input_file_ref idref="fl-9"/>
      </object_component>
      <object_component id="oc-140">
         <name>.debug_info</name>
         <load_address>0xc309</load_address>
         <run_address>0xc309</run_address>
         <size>0x6aa</size>
         <input_file_ref idref="fl-a"/>
      </object_component>
      <object_component id="oc-34c">
         <name>.debug_info</name>
         <load_address>0xc9b3</load_address>
         <run_address>0xc9b3</run_address>
         <size>0x5d5</size>
         <input_file_ref idref="fl-b"/>
      </object_component>
      <object_component id="oc-2d0">
         <name>.debug_info</name>
         <load_address>0xcf88</load_address>
         <run_address>0xcf88</run_address>
         <size>0xcc</size>
         <input_file_ref idref="fl-b"/>
      </object_component>
      <object_component id="oc-265">
         <name>.debug_info</name>
         <load_address>0xd054</load_address>
         <run_address>0xd054</run_address>
         <size>0xae2</size>
         <input_file_ref idref="fl-c"/>
      </object_component>
      <object_component id="oc-1ce">
         <name>.debug_info</name>
         <load_address>0xdb36</load_address>
         <run_address>0xdb36</run_address>
         <size>0x683</size>
         <input_file_ref idref="fl-d"/>
      </object_component>
      <object_component id="oc-1e2">
         <name>.debug_info</name>
         <load_address>0xe1b9</load_address>
         <run_address>0xe1b9</run_address>
         <size>0xe2</size>
         <input_file_ref idref="fl-d"/>
      </object_component>
      <object_component id="oc-1d1">
         <name>.debug_info</name>
         <load_address>0xe29b</load_address>
         <run_address>0xe29b</run_address>
         <size>0xe3</size>
         <input_file_ref idref="fl-d"/>
      </object_component>
      <object_component id="oc-1d4">
         <name>.debug_info</name>
         <load_address>0xe37e</load_address>
         <run_address>0xe37e</run_address>
         <size>0xe3</size>
         <input_file_ref idref="fl-d"/>
      </object_component>
      <object_component id="oc-1d7">
         <name>.debug_info</name>
         <load_address>0xe461</load_address>
         <run_address>0xe461</run_address>
         <size>0xe3</size>
         <input_file_ref idref="fl-d"/>
      </object_component>
      <object_component id="oc-1da">
         <name>.debug_info</name>
         <load_address>0xe544</load_address>
         <run_address>0xe544</run_address>
         <size>0xe5</size>
         <input_file_ref idref="fl-d"/>
      </object_component>
      <object_component id="oc-1dd">
         <name>.debug_info</name>
         <load_address>0xe629</load_address>
         <run_address>0xe629</run_address>
         <size>0xe3</size>
         <input_file_ref idref="fl-d"/>
      </object_component>
      <object_component id="oc-1e5">
         <name>.debug_info</name>
         <load_address>0xe70c</load_address>
         <run_address>0xe70c</run_address>
         <size>0xe7</size>
         <input_file_ref idref="fl-d"/>
      </object_component>
      <object_component id="oc-1e8">
         <name>.debug_info</name>
         <load_address>0xe7f3</load_address>
         <run_address>0xe7f3</run_address>
         <size>0xe9</size>
         <input_file_ref idref="fl-d"/>
      </object_component>
      <object_component id="oc-1eb">
         <name>.debug_info</name>
         <load_address>0xe8dc</load_address>
         <run_address>0xe8dc</run_address>
         <size>0xe5</size>
         <input_file_ref idref="fl-d"/>
      </object_component>
      <object_component id="oc-1ee">
         <name>.debug_info</name>
         <load_address>0xe9c1</load_address>
         <run_address>0xe9c1</run_address>
         <size>0xf1</size>
         <input_file_ref idref="fl-d"/>
      </object_component>
      <object_component id="oc-1f1">
         <name>.debug_info</name>
         <load_address>0xeab2</load_address>
         <run_address>0xeab2</run_address>
         <size>0xf1</size>
         <input_file_ref idref="fl-d"/>
      </object_component>
      <object_component id="oc-1f4">
         <name>.debug_info</name>
         <load_address>0xeba3</load_address>
         <run_address>0xeba3</run_address>
         <size>0xf1</size>
         <input_file_ref idref="fl-d"/>
      </object_component>
      <object_component id="oc-1f7">
         <name>.debug_info</name>
         <load_address>0xec94</load_address>
         <run_address>0xec94</run_address>
         <size>0xf1</size>
         <input_file_ref idref="fl-d"/>
      </object_component>
      <object_component id="oc-1fa">
         <name>.debug_info</name>
         <load_address>0xed85</load_address>
         <run_address>0xed85</run_address>
         <size>0xf1</size>
         <input_file_ref idref="fl-d"/>
      </object_component>
      <object_component id="oc-1fd">
         <name>.debug_info</name>
         <load_address>0xee76</load_address>
         <run_address>0xee76</run_address>
         <size>0xf1</size>
         <input_file_ref idref="fl-d"/>
      </object_component>
      <object_component id="oc-200">
         <name>.debug_info</name>
         <load_address>0xef67</load_address>
         <run_address>0xef67</run_address>
         <size>0xf1</size>
         <input_file_ref idref="fl-d"/>
      </object_component>
      <object_component id="oc-203">
         <name>.debug_info</name>
         <load_address>0xf058</load_address>
         <run_address>0xf058</run_address>
         <size>0xf1</size>
         <input_file_ref idref="fl-d"/>
      </object_component>
      <object_component id="oc-206">
         <name>.debug_info</name>
         <load_address>0xf149</load_address>
         <run_address>0xf149</run_address>
         <size>0xf1</size>
         <input_file_ref idref="fl-d"/>
      </object_component>
      <object_component id="oc-209">
         <name>.debug_info</name>
         <load_address>0xf23a</load_address>
         <run_address>0xf23a</run_address>
         <size>0xf1</size>
         <input_file_ref idref="fl-d"/>
      </object_component>
      <object_component id="oc-20c">
         <name>.debug_info</name>
         <load_address>0xf32b</load_address>
         <run_address>0xf32b</run_address>
         <size>0x10c</size>
         <input_file_ref idref="fl-d"/>
      </object_component>
      <object_component id="oc-102">
         <name>.debug_info</name>
         <load_address>0xf437</load_address>
         <run_address>0xf437</run_address>
         <size>0x3020</size>
         <input_file_ref idref="fl-d"/>
      </object_component>
      <object_component id="oc-22b">
         <name>.debug_info</name>
         <load_address>0x12457</load_address>
         <run_address>0x12457</run_address>
         <size>0x78b</size>
         <input_file_ref idref="fl-e"/>
      </object_component>
      <object_component id="oc-11d">
         <name>.debug_info</name>
         <load_address>0x12be2</load_address>
         <run_address>0x12be2</run_address>
         <size>0x1980</size>
         <input_file_ref idref="fl-e"/>
      </object_component>
      <object_component id="oc-24a">
         <name>.debug_info</name>
         <load_address>0x14562</load_address>
         <run_address>0x14562</run_address>
         <size>0x2c</size>
         <input_file_ref idref="fl-e"/>
      </object_component>
      <object_component id="oc-c9">
         <name>.debug_info</name>
         <load_address>0x1458e</load_address>
         <run_address>0x1458e</run_address>
         <size>0x6f2</size>
         <input_file_ref idref="fl-f"/>
      </object_component>
      <object_component id="oc-c6">
         <name>.debug_info</name>
         <load_address>0x14c80</load_address>
         <run_address>0x14c80</run_address>
         <size>0xfc</size>
         <input_file_ref idref="fl-f"/>
      </object_component>
      <object_component id="oc-74">
         <name>.debug_info</name>
         <load_address>0x14d7c</load_address>
         <run_address>0x14d7c</run_address>
         <size>0x1507</size>
         <input_file_ref idref="fl-f"/>
      </object_component>
      <object_component id="oc-78">
         <name>.debug_info</name>
         <load_address>0x16283</load_address>
         <run_address>0x16283</run_address>
         <size>0x2c3</size>
         <input_file_ref idref="fl-10"/>
      </object_component>
      <object_component id="oc-27">
         <name>.debug_info</name>
         <load_address>0x16546</load_address>
         <run_address>0x16546</run_address>
         <size>0xef</size>
         <input_file_ref idref="fl-10"/>
      </object_component>
      <object_component id="oc-6d">
         <name>.debug_info</name>
         <load_address>0x16635</load_address>
         <run_address>0x16635</run_address>
         <size>0x1b6</size>
         <input_file_ref idref="fl-10"/>
      </object_component>
      <object_component id="oc-1b0">
         <name>.debug_info</name>
         <load_address>0x167eb</load_address>
         <run_address>0x167eb</run_address>
         <size>0xe8</size>
         <input_file_ref idref="fl-11"/>
      </object_component>
      <object_component id="oc-b5">
         <name>.debug_info</name>
         <load_address>0x168d3</load_address>
         <run_address>0x168d3</run_address>
         <size>0x25a</size>
         <input_file_ref idref="fl-11"/>
      </object_component>
      <object_component id="oc-262">
         <name>.debug_info</name>
         <load_address>0x16b2d</load_address>
         <run_address>0x16b2d</run_address>
         <size>0x2ca</size>
         <input_file_ref idref="fl-cb"/>
      </object_component>
      <object_component id="oc-12c">
         <name>.debug_info</name>
         <load_address>0x16df7</load_address>
         <run_address>0x16df7</run_address>
         <size>0x24e</size>
         <input_file_ref idref="fl-cb"/>
      </object_component>
      <object_component id="oc-31d">
         <name>.debug_info</name>
         <load_address>0x17045</load_address>
         <run_address>0x17045</run_address>
         <size>0x46</size>
         <input_file_ref idref="fl-cb"/>
      </object_component>
      <object_component id="oc-25d">
         <name>.debug_info</name>
         <load_address>0x1708b</load_address>
         <run_address>0x1708b</run_address>
         <size>0x39</size>
         <input_file_ref idref="fl-cb"/>
      </object_component>
      <object_component id="oc-2f2">
         <name>.debug_info</name>
         <load_address>0x170c4</load_address>
         <run_address>0x170c4</run_address>
         <size>0x3f5</size>
         <input_file_ref idref="fl-cc"/>
      </object_component>
      <object_component id="oc-2ea">
         <name>.debug_info</name>
         <load_address>0x174b9</load_address>
         <run_address>0x174b9</run_address>
         <size>0x20e</size>
         <input_file_ref idref="fl-cc"/>
      </object_component>
      <object_component id="oc-307">
         <name>.debug_info</name>
         <load_address>0x176c7</load_address>
         <run_address>0x176c7</run_address>
         <size>0x176</size>
         <input_file_ref idref="fl-cc"/>
      </object_component>
      <object_component id="oc-23c">
         <name>.debug_info</name>
         <load_address>0x1783d</load_address>
         <run_address>0x1783d</run_address>
         <size>0x1e4</size>
         <input_file_ref idref="fl-cc"/>
      </object_component>
      <object_component id="oc-237">
         <name>.debug_info</name>
         <load_address>0x17a21</load_address>
         <run_address>0x17a21</run_address>
         <size>0x1cd</size>
         <input_file_ref idref="fl-cc"/>
      </object_component>
      <object_component id="oc-e5">
         <name>.debug_info</name>
         <load_address>0x17bee</load_address>
         <run_address>0x17bee</run_address>
         <size>0x2c</size>
         <input_file_ref idref="fl-cc"/>
      </object_component>
      <object_component id="oc-39c">
         <name>.debug_info</name>
         <load_address>0x17c1a</load_address>
         <run_address>0x17c1a</run_address>
         <size>0xb2</size>
         <input_file_ref idref="fl-cc"/>
      </object_component>
      <object_component id="oc-30d">
         <name>.debug_info</name>
         <load_address>0x17ccc</load_address>
         <run_address>0x17ccc</run_address>
         <size>0x374</size>
         <input_file_ref idref="fl-cd"/>
      </object_component>
      <object_component id="oc-242">
         <name>.debug_info</name>
         <load_address>0x18040</load_address>
         <run_address>0x18040</run_address>
         <size>0x20b</size>
         <input_file_ref idref="fl-cd"/>
      </object_component>
      <object_component id="oc-30e">
         <name>.debug_info</name>
         <load_address>0x1824b</load_address>
         <run_address>0x1824b</run_address>
         <size>0xbf</size>
         <input_file_ref idref="fl-cd"/>
      </object_component>
      <object_component id="oc-252">
         <name>.debug_info</name>
         <load_address>0x1830a</load_address>
         <run_address>0x1830a</run_address>
         <size>0x14c</size>
         <input_file_ref idref="fl-ce"/>
      </object_component>
      <object_component id="oc-167">
         <name>.debug_info</name>
         <load_address>0x18456</load_address>
         <run_address>0x18456</run_address>
         <size>0x13a</size>
         <input_file_ref idref="fl-cf"/>
      </object_component>
      <object_component id="oc-161">
         <name>.debug_info</name>
         <load_address>0x18590</load_address>
         <run_address>0x18590</run_address>
         <size>0x13a</size>
         <input_file_ref idref="fl-d0"/>
      </object_component>
      <object_component id="oc-16b">
         <name>.debug_info</name>
         <load_address>0x186ca</load_address>
         <run_address>0x186ca</run_address>
         <size>0x12e</size>
         <input_file_ref idref="fl-d1"/>
      </object_component>
      <object_component id="oc-132">
         <name>.debug_info</name>
         <load_address>0x187f8</load_address>
         <run_address>0x187f8</run_address>
         <size>0x139</size>
         <input_file_ref idref="fl-d2"/>
      </object_component>
      <object_component id="oc-15b">
         <name>.debug_info</name>
         <load_address>0x18931</load_address>
[...]
      </symbol>
      <symbol id="sm-6f6">
         <name>SystemCoreClockUpdate</name>
         <value>0x1aec5</value>
         <object_component_ref idref="oc-b2"/>
      </symbol>
      <symbol id="sm-6f7">
         <name>SystemCoreClock</name>
         <value>0x200064c8</value>
         <object_component_ref idref="oc-1af"/>
      </symbol>
      <symbol id="sm-723">
         <name>sqrtl</name>
         <value>0x1b71d</value>
         <object_component_ref idref="oc-12b"/>
      </symbol>
      <symbol id="sm-724">
         <name>sqrt</name>
         <value>0x1b71d</value>
         <object_component_ref idref="oc-12b"/>
      </symbol>
      <symbol id="sm-781">
         <name>__TI_cleanup</name>
         <value>0x1c971</value>
         <object_component_ref idref="oc-306"/>
      </symbol>
      <symbol id="sm-782">
         <name>freopen</name>
         <value>0x1ca0d</value>
         <object_component_ref idref="oc-23a"/>
      </symbol>
      <symbol id="sm-783">
         <name>fopen</name>
         <value>0x1c0e1</value>
         <object_component_ref idref="oc-234"/>
      </symbol>
      <symbol id="sm-7a4">
         <name>setvbuf</name>
         <value>0x1be91</value>
         <object_component_ref idref="oc-240"/>
      </symbol>
      <symbol id="sm-7bb">
         <name>__aeabi_dsub</name>
         <value>0x1b3d9</value>
         <object_component_ref idref="oc-251"/>
      </symbol>
      <symbol id="sm-7bc">
         <name>__aeabi_dadd</name>
         <value>0x1b3e3</value>
         <object_component_ref idref="oc-251"/>
      </symbol>
      <symbol id="sm-7d0">
         <name>__aeabi_ddiv</name>
         <value>0x1b875</value>
         <object_component_ref idref="oc-164"/>
      </symbol>
      <symbol id="sm-7db">
         <name>__aeabi_dmul</name>
         <value>0x1bbb9</value>
         <object_component_ref idref="oc-15f"/>
      </symbol>
      <symbol id="sm-7e5">
         <name>__aeabi_d2iz</name>
         <value>0x1c72d</value>
         <object_component_ref idref="oc-169"/>
      </symbol>
      <symbol id="sm-7ef">
         <name>__aeabi_d2uiz</name>
         <value>0x1c885</value>
         <object_component_ref idref="oc-131"/>
      </symbol>
      <symbol id="sm-7fa">
         <name>__aeabi_f2d</name>
         <value>0x1c901</value>
         <object_component_ref idref="oc-15a"/>
      </symbol>
      <symbol id="sm-804">
         <name>__aeabi_ui2d</name>
         <value>0x1cb11</value>
         <object_component_ref idref="oc-126"/>
      </symbol>
      <symbol id="sm-813">
         <name>__aeabi_memset</name>
         <value>0x1c21b</value>
         <object_component_ref idref="oc-94"/>
      </symbol>
      <symbol id="sm-814">
         <name>memset</name>
         <value>0x1c221</value>
         <object_component_ref idref="oc-94"/>
      </symbol>
      <symbol id="sm-815">
         <name>__aeabi_memset8</name>
         <value>0x1c21b</value>
         <object_component_ref idref="oc-94"/>
      </symbol>
      <symbol id="sm-816">
         <name>__aeabi_memset4</name>
         <value>0x1c21b</value>
         <object_component_ref idref="oc-94"/>
      </symbol>
      <symbol id="sm-817">
         <name>__aeabi_memclr8</name>
         <value>0x1c219</value>
         <object_component_ref idref="oc-94"/>
      </symbol>
      <symbol id="sm-818">
         <name>__aeabi_memclr4</name>
         <value>0x1c219</value>
         <object_component_ref idref="oc-94"/>
      </symbol>
      <symbol id="sm-819">
         <name>__aeabi_memclr</name>
         <value>0x1c219</value>
         <object_component_ref idref="oc-94"/>
      </symbol>
      <symbol id="sm-830">
         <name>__TI_zero_init</name>
         <value>0x1cbbf</value>
         <object_component_ref idref="oc-4c"/>
      </symbol>
      <symbol id="sm-847">
         <name>__TI_decompress_none</name>
         <value>0x1cba3</value>
         <object_component_ref idref="oc-1d"/>
      </symbol>
      <symbol id="sm-86a">
         <name>__TI_decompress_lzss</name>
         <value>0x1c4c5</value>
         <object_component_ref idref="oc-17"/>
      </symbol>
      <symbol id="sm-890">
         <name>C$$EXIT</name>
         <value>0x1cbe1</value>
         <object_component_ref idref="oc-171"/>
      </symbol>
      <symbol id="sm-891">
         <name>abort</name>
         <value>0x1cbe1</value>
         <object_component_ref idref="oc-171"/>
      </symbol>
      <symbol id="sm-892">
         <name>__TI_dtors_ptr</name>
         <value>0x2000649c</value>
         <object_component_ref idref="oc-27b"/>
      </symbol>
      <symbol id="sm-893">
         <name>__TI_cleanup_ptr</name>
         <value>0x20006498</value>
         <object_component_ref idref="oc-27b"/>
      </symbol>
      <symbol id="sm-894">
         <name>__TI_enable_exit_profile_output</name>
         <value>0x200064a0</value>
         <object_component_ref idref="oc-27b"/>
      </symbol>
      <symbol id="sm-895">
         <name>exit</name>
         <value>0x1c6e5</value>
         <object_component_ref idref="oc-177"/>
      </symbol>
      <symbol id="sm-8aa">
         <name>_nop</name>
         <value>0x1b58f</value>
         <object_component_ref idref="oc-32d"/>
      </symbol>
      <symbol id="sm-8ab">
         <name>_lock</name>
         <value>0x200064a4</value>
         <object_component_ref idref="oc-27e"/>
      </symbol>
      <symbol id="sm-8ac">
         <name>_unlock</name>
         <value>0x200064a8</value>
         <object_component_ref idref="oc-27e"/>
      </symbol>
      <symbol id="sm-8c1">
         <name>__TI_tmpnams</name>
         <value>0x20005d20</value>
      </symbol>
      <symbol id="sm-8c2">
         <name>__aeabi_stdout</name>
         <value>0x20006490</value>
         <object_component_ref idref="oc-2ee"/>
      </symbol>
      <symbol id="sm-8c3">
         <name>__aeabi_stderr</name>
         <value>0x20006494</value>
         <object_component_ref idref="oc-2ee"/>
      </symbol>
      <symbol id="sm-8c4">
         <name>__aeabi_stdin</name>
         <value>0x2000648c</value>
         <object_component_ref idref="oc-2ee"/>
      </symbol>
      <symbol id="sm-8c5">
         <name>_ftable</name>
         <value>0x200062a8</value>
         <object_component_ref idref="oc-246"/>
      </symbol>
      <symbol id="sm-8c6">
         <name>__TI_ft_end</name>
         <value>0x20006488</value>
         <object_component_ref idref="oc-2ee"/>
      </symbol>
      <symbol id="sm-94a">
         <name>_sys_memory</name>
         <value>0x20005ea8</value>
         <object_component_ref idref="oc-29"/>
      </symbol>
      <symbol id="sm-94b">
         <name>free</name>
         <value>0x1bdad</value>
         <object_component_ref idref="oc-2fa"/>
      </symbol>
      <symbol id="sm-94c">
         <name>memalign</name>
         <value>0x1bab9</value>
         <object_component_ref idref="oc-3c3"/>
      </symbol>
      <symbol id="sm-94d">
         <name>malloc</name>
         <value>0x1cbd5</value>
         <object_component_ref idref="oc-300"/>
      </symbol>
      <symbol id="sm-94e">
         <name>aligned_alloc</name>
         <value>0x1bab9</value>
         <object_component_ref idref="oc-3c3"/>
      </symbol>
      <symbol id="sm-970">
         <name>open</name>
         <value>0x1bf6d</value>
         <object_component_ref idref="oc-391"/>
      </symbol>
      <symbol id="sm-995">
         <name>add_device</name>
         <value>0x1c029</value>
         <object_component_ref idref="oc-22e"/>
      </symbol>
      <symbol id="sm-9a8">
         <name>__stack</name>
         <value>0x2000fe00</value>
         <object_component_ref idref="oc-2c"/>
      </symbol>
      <symbol id="sm-9a9">
         <name>_c_int00_noargs</name>
         <value>0x1c9d9</value>
         <object_component_ref idref="oc-58"/>
      </symbol>
      <symbol id="sm-9bf">
         <name>__aeabi_errno_addr</name>
         <value>0x1cbcd</value>
         <object_component_ref idref="oc-256"/>
      </symbol>
      <symbol id="sm-9c0">
         <name>errno</name>
         <value>0x200064bc</value>
         <object_component_ref idref="oc-318"/>
      </symbol>
      <symbol id="sm-9d5">
         <name>__TI_closefile</name>
         <value>0x1c30d</value>
         <object_component_ref idref="oc-2f3"/>
      </symbol>
      <symbol id="sm-9e5">
         <name>__TI_doflush</name>
         <value>0x1c699</value>
         <object_component_ref idref="oc-3a1"/>
      </symbol>
      <symbol id="sm-a03">
         <name>finddevice</name>
         <value>0x1ca41</value>
         <object_component_ref idref="oc-2d5"/>
      </symbol>
      <symbol id="sm-a04">
         <name>getdevice</name>
         <value>0x1c841</value>
         <object_component_ref idref="oc-419"/>
      </symbol>
      <symbol id="sm-a1f">
         <name>memcpy</name>
         <value>0x1c17d</value>
         <object_component_ref idref="oc-3a"/>
      </symbol>
      <symbol id="sm-a20">
         <name>__aeabi_memcpy</name>
         <value>0x1c17d</value>
         <object_component_ref idref="oc-3a"/>
      </symbol>
      <symbol id="sm-a21">
         <name>__aeabi_memcpy8</name>
         <value>0x1c17d</value>
         <object_component_ref idref="oc-3a"/>
      </symbol>
      <symbol id="sm-a22">
         <name>__aeabi_memcpy4</name>
         <value>0x1c17d</value>
         <object_component_ref idref="oc-3a"/>
      </symbol>
      <symbol id="sm-a4a">
         <name>__TI_auto_init_nobinit_nopinit</name>
         <value>0x1c7fd</value>
         <object_component_ref idref="oc-17d"/>
      </symbol>
      <symbol id="sm-a54">
         <name>_system_pre_init</name>
         <value>0x1cbdd</value>
         <object_component_ref idref="oc-9a"/>
      </symbol>
      <symbol id="sm-a66">
         <name>strchr</name>
         <value>0x1cb65</value>
         <object_component_ref idref="oc-459"/>
      </symbol>
      <symbol id="sm-a75">
         <name>strcmp</name>
         <value>0x1cb4d</value>
         <object_component_ref idref="oc-34e"/>
      </symbol>
      <symbol id="sm-a85">
         <name>strncpy</name>
         <value>0x1c939</value>
         <object_component_ref idref="oc-2db"/>
      </symbol>
      <symbol id="sm-a95">
         <name>write</name>
         <value>0x1cac5</value>
         <object_component_ref idref="oc-425"/>
      </symbol>
      <symbol id="sm-aa6">
         <name>_stream</name>
         <value>0x20006410</value>
         <object_component_ref idref="oc-420"/>
      </symbol>
      <symbol id="sm-aa7">
         <name>_device</name>
         <value>0x20006398</value>
         <object_component_ref idref="oc-2e2"/>
      </symbol>
      <symbol id="sm-abc">
         <name>close</name>
         <value>0x1c58d</value>
         <object_component_ref idref="oc-3a7"/>
      </symbol>
      <symbol id="sm-acc">
         <name>unlink</name>
         <value>0x1ca71</value>
         <object_component_ref idref="oc-3ad"/>
      </symbol>
      <symbol id="sm-add">
         <name>HOSTclose</name>
         <value>0x1c775</value>
         <object_component_ref idref="oc-35e"/>
      </symbol>
      <symbol id="sm-aee">
         <name>HOSTlseek</name>
         <value>0x1c45d</value>
         <object_component_ref idref="oc-370"/>
      </symbol>
      <symbol id="sm-b00">
         <name>parmbuf</name>
         <value>0x20005e0c</value>
      </symbol>
      <symbol id="sm-b01">
         <name>HOSTopen</name>
         <value>0x1c52d</value>
         <object_component_ref idref="oc-358"/>
      </symbol>
      <symbol id="sm-b12">
         <name>HOSTread</name>
         <value>0x1c5e9</value>
         <object_component_ref idref="oc-364"/>
      </symbol>
      <symbol id="sm-b23">
         <name>HOSTrename</name>
         <value>0x1c3f1</value>
         <object_component_ref idref="oc-37c"/>
      </symbol>
      <symbol id="sm-b34">
         <name>HOSTunlink</name>
         <value>0x1c7b9</value>
         <object_component_ref idref="oc-376"/>
      </symbol>
      <symbol id="sm-b45">
         <name>HOSTwrite</name>
         <value>0x1c641</value>
         <object_component_ref idref="oc-36a"/>
      </symbol>
      <symbol id="sm-b69">
         <name>__TI_readmsg</name>
         <value>0x1c9a5</value>
         <object_component_ref idref="oc-3f6"/>
      </symbol>
      <symbol id="sm-b6a">
         <name>C$$IO$$</name>
         <value>0x1c8f7</value>
         <object_component_ref idref="oc-3f0"/>
      </symbol>
      <symbol id="sm-b6b">
         <name>__CIOBUF_</name>
         <value>0x20005c00</value>
         <object_component_ref idref="oc-443"/>
      </symbol>
      <symbol id="sm-b6c">
         <name>__TI_writemsg</name>
         <value>0x1c8c9</value>
         <object_component_ref idref="oc-3f0"/>
      </symbol>
      <symbol id="sm-b7a">
         <name>strcpy</name>
         <value>0x1cb7b</value>
         <object_component_ref idref="oc-40a"/>
      </symbol>
      <symbol id="sm-b88">
         <name>strlen</name>
         <value>0x1cb8f</value>
         <object_component_ref idref="oc-3ea"/>
      </symbol>
      <symbol id="sm-b89">
         <name>__TI_static_base__</name>
         <value>0x0</value>
      </symbol>
      <symbol id="sm-b8c">
         <name>__mpu_init</name>
         <value>0x0</value>
      </symbol>
      <symbol id="sm-b8d">
         <name>_system_post_cinit</name>
         <value>0x0</value>
      </symbol>
      <symbol id="sm-b8e">
         <name>NMI_Handler</name>
         <value>0x1cbbd</value>
      </symbol>
      <symbol id="sm-b8f">
         <name>HardFault_Handler</name>
         <value>0x1cbbd</value>
      </symbol>
      <symbol id="sm-b90">
         <name>MemManage_Handler</name>
         <value>0x1cbbd</value>
      </symbol>
      <symbol id="sm-b91">
         <name>BusFault_Handler</name>
         <value>0x1cbbd</value>
      </symbol>
      <symbol id="sm-b92">
         <name>UsageFault_Handler</name>
         <value>0x1cbbd</value>
      </symbol>
      <symbol id="sm-b93">
         <name>SVC_Handler</name>
         <value>0x1cbbd</value>
      </symbol>
      <symbol id="sm-b94">
         <name>DebugMon_Handler</name>
         <value>0x1cbbd</value>
      </symbol>
      <symbol id="sm-b95">
         <name>PendSV_Handler</name>
         <value>0x1cbbd</value>
      </symbol>
      <symbol id="sm-b96">
         <name>SysTick_Handler</name>
         <value>0x1cbbd</value>
      </symbol>
      <symbol id="sm-b97">
         <name>PSS_IRQHandler</name>
         <value>0x1cbbd</value>
      </symbol>
      <symbol id="sm-b98">
         <name>CS_IRQHandler</name>
         <value>0x1cbbd</value>
      </symbol>
      <symbol id="sm-b99">
         <name>PCM_IRQHandler</name>
         <value>0x1cbbd</value>
      </symbol>
      <symbol id="sm-b9a">
         <name>WDT_A_IRQHandler</name>
         <value>0x1cbbd</value>
      </symbol>
      <symbol id="sm-b9b">
         <name>FPU_IRQHandler</name>
         <value>0x1cbbd</value>
      </symbol>
      <symbol id="sm-b9c">
         <name>FLCTL_IRQHandler</name>
         <value>0x1cbbd</value>
      </symbol>
      <symbol id="sm-b9d">
         <name>COMP_E0_IRQHandler</name>
         <value>0x1cbbd</value>
      </symbol>
      <symbol id="sm-b9e">
         <name>COMP_E1_IRQHandler</name>
         <value>0x1cbbd</value>
      </symbol>
      <symbol id="sm-b9f">
         <name>TA0_0_IRQHandler</name>
         <value>0x1cbbd</value>
      </symbol>
      <symbol id="sm-ba0">
         <name>TA0_N_IRQHandler</name>
         <value>0x1cbbd</value>
      </symbol>
      <symbol id="sm-ba1">
         <name>TA1_0_IRQHandler</name>
         <value>0x1cbbd</value>
      </symbol>
      <symbol id="sm-ba2">
         <name>TA1_N_IRQHandler</name>
         <value>0x1cbbd</value>
      </symbol>
      <symbol id="sm-ba3">
         <name>TA2_0_IRQHandler</name>
         <value>0x1cbbd</value>
      </symbol>
      <symbol id="sm-ba4">
         <name>TA2_N_IRQHandler</name>
         <value>0x1cbbd</value>
      </symbol>
      <symbol id="sm-ba5">
         <name>TA3_0_IRQHandler</name>
         <value>0x1cbbd</value>
      </symbol>
      <symbol id="sm-ba6">
         <name>TA3_N_IRQHandler</name>
         <value>0x1cbbd</value>
      </symbol>
      <symbol id="sm-ba7">
         <name>EUSCIA0_IRQHandler</name>
         <value>0x1cbbd</value>
      </symbol>
      <symbol id="sm-ba8">
         <name>EUSCIA1_IRQHandler</name>
         <value>0x1cbbd</value>
      </symbol>
      <symbol id="sm-ba9">
         <name>EUSCIA2_IRQHandler</name>
         <value>0x1cbbd</value>
      </symbol>
      <symbol id="sm-baa">
         <name>EUSCIA3_IRQHandler</name>
         <value>0x1cbbd</value>
      </symbol>
      <symbol id="sm-bab">
         <name>EUSCIB0_IRQHandler</name>
         <value>0x1cbbd</value>
      </symbol>
      <symbol id="sm-bac">
         <name>EUSCIB1_IRQHandler</name>
         <value>0x1cbbd</value>
      </symbol>
      <symbol id="sm-bad">
         <name>EUSCIB2_IRQHandler</name>
         <value>0x1cbbd</value>
      </symbol>
      <symbol id="sm-bae">
         <name>EUSCIB3_IRQHandler</name>
         <value>0x1cbbd</value>
      </symbol>
      <symbol id="sm-baf">
         <name>ADC14_IRQHandler</name>
         <value>0x1cbbd</value>
      </symbol>
      <symbol id="sm-bb0">
         <name>T32_INT1_IRQHandler</name>
         <value>0x1cbbd</value>
      </symbol>
      <symbol id="sm-bb1">
         <name>T32_INT2_IRQHandler</name>
         <value>0x1cbbd</value>
      </symbol>
      <symbol id="sm-bb2">
         <name>T32_INTC_IRQHandler</name>
         <value>0x1cbbd</value>
      </symbol>
      <symbol id="sm-bb3">
         <name>AES256_IRQHandler</name>
         <value>0x1cbbd</value>
      </symbol>
      <symbol id="sm-bb4">
         <name>RTC_C_IRQHandler</name>
         <value>0x1cbbd</value>
      </symbol>
      <symbol id="sm-bb5">
         <name>DMA_ERR_IRQHandler</name>
         <value>0x1cbbd</value>
      </symbol>
      <symbol id="sm-bb6">
         <name>DMA_INT3_IRQHandler</name>
         <value>0x1cbbd</value>
      </symbol>
      <symbol id="sm-bb7">
         <name>DMA_INT2_IRQHandler</name>
         <value>0x1cbbd</value>
      </symbol>
      <symbol id="sm-bb8">
         <name>DMA_INT1_IRQHandler</name>
         <value>0x1cbbd</value>
      </symbol>
      <symbol id="sm-bb9">
         <name>DMA_INT0_IRQHandler</name>
         <value>0x1cbbd</value>
      </symbol>
      <symbol id="sm-bba">
         <name>PORT1_IRQHandler</name>
         <value>0x1cbbd</value>
      </symbol>
      <symbol id="sm-bbb">
         <name>PORT2_IRQHandler</name>
         <value>0x1cbbd</value>
      </symbol>
      <symbol id="sm-bbc">
         <name>PORT3_IRQHandler</name>
         <value>0x1cbbd</value>
      </symbol>
      <symbol id="sm-bbd">
         <name>PORT4_IRQHandler</name>
         <value>0x1cbbd</value>
      </symbol>
      <symbol id="sm-bbe">
         <name>PORT5_IRQHandler</name>
         <value>0x1cbbd</value>
      </symbol>
      <symbol id="sm-bbf">
         <name>PORT6_IRQHandler</name>
         <value>0x1a291</value>
      </symbol>
      <symbol id="sm-bc0">
         <name>remove</name>
         <value>0x1ca71</value>
      </symbol>
   </symbol_table>
   <title>Link successful</title>
</link_info>
